Archive member included to satisfy reference by file (symbol)

c:/st/stm32cubeide_1.5.1/stm32cubeide/plugins/com.st.stm32cube.ide.mcu.externaltools.gnu-tools-for-stm32.9-2020-q2-update.win32_2.0.0.202105311346/tools/bin/../lib/gcc/arm-none-eabi/9.3.1/../../../../arm-none-eabi/lib/thumb/v7e-m+fp/hard\libc_nano.a(lib_a-errno.o)
                              ./Core/Src/syscalls.o (__errno)
c:/st/stm32cubeide_1.5.1/stm32cubeide/plugins/com.st.stm32cube.ide.mcu.externaltools.gnu-tools-for-stm32.9-2020-q2-update.win32_2.0.0.202105311346/tools/bin/../lib/gcc/arm-none-eabi/9.3.1/../../../../arm-none-eabi/lib/thumb/v7e-m+fp/hard\libc_nano.a(lib_a-exit.o)
                              c:/st/stm32cubeide_1.5.1/stm32cubeide/plugins/com.st.stm32cube.ide.mcu.externaltools.gnu-tools-for-stm32.9-2020-q2-update.win32_2.0.0.202105311346/tools/bin/../lib/gcc/arm-none-eabi/9.3.1/../../../../arm-none-eabi/lib/thumb/v7e-m+fp/hard/crt0.o (exit)
c:/st/stm32cubeide_1.5.1/stm32cubeide/plugins/com.st.stm32cube.ide.mcu.externaltools.gnu-tools-for-stm32.9-2020-q2-update.win32_2.0.0.202105311346/tools/bin/../lib/gcc/arm-none-eabi/9.3.1/../../../../arm-none-eabi/lib/thumb/v7e-m+fp/hard\libc_nano.a(lib_a-impure.o)
                              c:/st/stm32cubeide_1.5.1/stm32cubeide/plugins/com.st.stm32cube.ide.mcu.externaltools.gnu-tools-for-stm32.9-2020-q2-update.win32_2.0.0.202105311346/tools/bin/../lib/gcc/arm-none-eabi/9.3.1/../../../../arm-none-eabi/lib/thumb/v7e-m+fp/hard\libc_nano.a(lib_a-exit.o) (_global_impure_ptr)
c:/st/stm32cubeide_1.5.1/stm32cubeide/plugins/com.st.stm32cube.ide.mcu.externaltools.gnu-tools-for-stm32.9-2020-q2-update.win32_2.0.0.202105311346/tools/bin/../lib/gcc/arm-none-eabi/9.3.1/../../../../arm-none-eabi/lib/thumb/v7e-m+fp/hard\libc_nano.a(lib_a-init.o)
                              c:/st/stm32cubeide_1.5.1/stm32cubeide/plugins/com.st.stm32cube.ide.mcu.externaltools.gnu-tools-for-stm32.9-2020-q2-update.win32_2.0.0.202105311346/tools/bin/../lib/gcc/arm-none-eabi/9.3.1/../../../../arm-none-eabi/lib/thumb/v7e-m+fp/hard/crt0.o (__libc_init_array)
c:/st/stm32cubeide_1.5.1/stm32cubeide/plugins/com.st.stm32cube.ide.mcu.externaltools.gnu-tools-for-stm32.9-2020-q2-update.win32_2.0.0.202105311346/tools/bin/../lib/gcc/arm-none-eabi/9.3.1/../../../../arm-none-eabi/lib/thumb/v7e-m+fp/hard\libc_nano.a(lib_a-malloc.o)
                              ./Core/Src/main.o (malloc)
c:/st/stm32cubeide_1.5.1/stm32cubeide/plugins/com.st.stm32cube.ide.mcu.externaltools.gnu-tools-for-stm32.9-2020-q2-update.win32_2.0.0.202105311346/tools/bin/../lib/gcc/arm-none-eabi/9.3.1/../../../../arm-none-eabi/lib/thumb/v7e-m+fp/hard\libc_nano.a(lib_a-memset.o)
                              c:/st/stm32cubeide_1.5.1/stm32cubeide/plugins/com.st.stm32cube.ide.mcu.externaltools.gnu-tools-for-stm32.9-2020-q2-update.win32_2.0.0.202105311346/tools/bin/../lib/gcc/arm-none-eabi/9.3.1/../../../../arm-none-eabi/lib/thumb/v7e-m+fp/hard/crt0.o (memset)
c:/st/stm32cubeide_1.5.1/stm32cubeide/plugins/com.st.stm32cube.ide.mcu.externaltools.gnu-tools-for-stm32.9-2020-q2-update.win32_2.0.0.202105311346/tools/bin/../lib/gcc/arm-none-eabi/9.3.1/../../../../arm-none-eabi/lib/thumb/v7e-m+fp/hard\libc_nano.a(lib_a-nano-freer.o)
                              c:/st/stm32cubeide_1.5.1/stm32cubeide/plugins/com.st.stm32cube.ide.mcu.externaltools.gnu-tools-for-stm32.9-2020-q2-update.win32_2.0.0.202105311346/tools/bin/../lib/gcc/arm-none-eabi/9.3.1/../../../../arm-none-eabi/lib/thumb/v7e-m+fp/hard\libc_nano.a(lib_a-malloc.o) (_free_r)
c:/st/stm32cubeide_1.5.1/stm32cubeide/plugins/com.st.stm32cube.ide.mcu.externaltools.gnu-tools-for-stm32.9-2020-q2-update.win32_2.0.0.202105311346/tools/bin/../lib/gcc/arm-none-eabi/9.3.1/../../../../arm-none-eabi/lib/thumb/v7e-m+fp/hard\libc_nano.a(lib_a-nano-mallocr.o)
                              c:/st/stm32cubeide_1.5.1/stm32cubeide/plugins/com.st.stm32cube.ide.mcu.externaltools.gnu-tools-for-stm32.9-2020-q2-update.win32_2.0.0.202105311346/tools/bin/../lib/gcc/arm-none-eabi/9.3.1/../../../../arm-none-eabi/lib/thumb/v7e-m+fp/hard\libc_nano.a(lib_a-malloc.o) (_malloc_r)
c:/st/stm32cubeide_1.5.1/stm32cubeide/plugins/com.st.stm32cube.ide.mcu.externaltools.gnu-tools-for-stm32.9-2020-q2-update.win32_2.0.0.202105311346/tools/bin/../lib/gcc/arm-none-eabi/9.3.1/../../../../arm-none-eabi/lib/thumb/v7e-m+fp/hard\libc_nano.a(lib_a-printf.o)
                              ./Core/Src/main.o (printf)
c:/st/stm32cubeide_1.5.1/stm32cubeide/plugins/com.st.stm32cube.ide.mcu.externaltools.gnu-tools-for-stm32.9-2020-q2-update.win32_2.0.0.202105311346/tools/bin/../lib/gcc/arm-none-eabi/9.3.1/../../../../arm-none-eabi/lib/thumb/v7e-m+fp/hard\libc_nano.a(lib_a-puts.o)
                              ./Core/Src/main.o (puts)
[...]
Memory Configuration

Name             Origin             Length             Attributes
CCMRAM           0x0000000010000000 0x0000000000004000 xrw
RAM              0x0000000020000000 0x0000000000010000 xrw
FLASH            0x0000000008000000 0x0000000000080000 xr
*default*        0x0000000000000000 0xffffffffffffffff

Linker script and memory map

LOAD c:/st/stm32cubeide_1.5.1/stm32cubeide/plugins/com.st.stm32cube.ide.mcu.externaltools.gnu-tools-for-stm32.9-2020-q2-update.win32_2.0.0.202105311346/tools/bin/../lib/gcc/arm-none-eabi/9.3.1/thumb/v7e-m+fp/hard/crti.o
LOAD c:/st/stm32cubeide_1.5.1/stm32cubeide/plugins/com.st.stm32cube.ide.mcu.externaltools.gnu-tools-for-stm32.9-2020-q2-update.win32_2.0.0.202105311346/tools/bin/../lib/gcc/arm-none-eabi/9.3.1/thumb/v7e-m+fp/hard/crtbegin.o
LOAD c:/st/stm32cubeide_1.5.1/stm32cubeide/plugins/com.st.stm32cube.ide.mcu.externaltools.gnu-tools-for-stm32.9-2020-q2-update.win32_2.0.0.202105311346/tools/bin/../lib/gcc/arm-none-eabi/9.3.1/../../../../arm-none-eabi/lib/thumb/v7e-m+fp/hard/crt0.o
LOAD ./Core/Inc/rick.o
LOAD ./Core/Src/dma.o
LOAD ./Core/Src/gpio.o
LOAD ./Core/Src/i2c.o
LOAD ./Core/Src/i2s.o
LOAD ./Core/Src/main.o
LOAD ./Core/Src/spi.o
LOAD ./Core/Src/stm32f3xx_hal_msp.o
LOAD ./Core/Src/stm32f3xx_it.o
LOAD ./Core/Src/syscalls.o
LOAD ./Core/Src/sysmem.o
LOAD ./Core/Src/usart.o
LOAD ./Core/Startup/startup_stm32f303retx.o
LOAD ./Drivers/AudioBoard/Play_WAV.o
LOAD ./Drivers/AudioBoard/WM8960.o
LOAD ./Drivers/BMPImages/fatfs_storage.o
LOAD ./Drivers/CMSIS/Device/ST/STM32F3xx/Source/Templates/system_stm32f3xx.o
LOAD ./Drivers/Fonts/Fonts.o
LOAD ./Drivers/Images/mainImg.o
LOAD ./Drivers/LCD/lcd_driver.o
LOAD ./Drivers/STM32F3xx_HAL_Driver/Src/stm32f3xx_hal.o
LOAD ./Drivers/STM32F3xx_HAL_Driver/Src/stm32f3xx_hal_cortex.o
LOAD ./Drivers/STM32F3xx_HAL_Driver/Src/stm32f3xx_hal_dma.o
LOAD ./Drivers/STM32F3xx_HAL_Driver/Src/stm32f3xx_hal_exti.o
LOAD ./Drivers/STM32F3xx_HAL_Driver/Src/stm32f3xx_hal_flash.o
LOAD ./Drivers/STM32F3xx_HAL_Driver/Src/stm32f3xx_hal_flash_ex.o
LOAD ./Drivers/STM32F3xx_HAL_Driver/Src/stm32f3xx_hal_gpio.o
LOAD ./Drivers/STM32F3xx_HAL_Driver/Src/stm32f3xx_hal_i2c.o
LOAD ./Drivers/STM32F3xx_HAL_Driver/Src/stm32f3xx_hal_i2c_ex.o
LOAD ./Drivers/STM32F3xx_HAL_Driver/Src/stm32f3xx_hal_i2s.o
LOAD ./Drivers/STM32F3xx_HAL_Driver/Src/stm32f3xx_hal_i2s_ex.o
LOAD ./Drivers/STM32F3xx_HAL_Driver/Src/stm32f3xx_hal_pwr.o
LOAD ./Drivers/STM32F3xx_HAL_Driver/Src/stm32f3xx_hal_pwr_ex.o
LOAD ./Drivers/STM32F3xx_HAL_Driver/Src/stm32f3xx_hal_rcc.o
LOAD ./Drivers/STM32F3xx_HAL_Driver/Src/stm32f3xx_hal_rcc_ex.o
LOAD ./Drivers/STM32F3xx_HAL_Driver/Src/stm32f3xx_hal_spi.o
LOAD ./Drivers/STM32F3xx_HAL_Driver/Src/stm32f3xx_hal_spi_ex.o
LOAD ./Drivers/STM32F3xx_HAL_Driver/Src/stm32f3xx_hal_tim.o
LOAD ./Drivers/STM32F3xx_HAL_Driver/Src/stm32f3xx_hal_tim_ex.o
LOAD ./Drivers/STM32F3xx_HAL_Driver/Src/stm32f3xx_hal_uart.o
LOAD ./Drivers/STM32F3xx_HAL_Driver/Src/stm32f3xx_hal_uart_ex.o
LOAD ./Drivers/Touch/Touch.o
LOAD ./Drivers/XPT2046/XPT2046.o
LOAD ./Drivers/diskio_spi/user_diskio_spi.o
LOAD ./FATFS/App/fatfs.o
LOAD ./FATFS/Target/user_diskio.o
LOAD ./Middlewares/Third_Party/FatFs/src/diskio.o
LOAD ./Middlewares/Third_Party/FatFs/src/ff.o
LOAD ./Middlewares/Third_Party/FatFs/src/ff_gen_drv.o
LOAD ./Middlewares/Third_Party/FatFs/src/option/syscall.o
START GROUP
LOAD c:/st/stm32cubeide_1.5.1/stm32cubeide/plugins/com.st.stm32cube.ide.mcu.externaltools.gnu-tools-for-stm32.9-2020-q2-update.win32_2.0.0.202105311346/tools/bin/../lib/gcc/arm-none-eabi/9.3.1/../../../../arm-none-eabi/lib/thumb/v7e-m+fp/hard\libc_nano.a
LOAD c:/st/stm32cubeide_1.5.1/stm32cubeide/plugins/com.st.stm32cube.ide.mcu.externaltools.gnu-tools-for-stm32.9-2020-q2-update.win32_2.0.0.202105311346/tools/bin/../lib/gcc/arm-none-eabi/9.3.1/../../../../arm-none-eabi/lib/thumb/v7e-m+fp/hard\libm.a
END GROUP
START GROUP
LOAD c:/st/stm32cubeide_1.5.1/stm32cubeide/plugins/com.st.stm32cube.ide.mcu.externaltools.gnu-tools-for-stm32.9-2020-q2-update.win32_2.0.0.202105311346/tools/bin/../lib/gcc/arm-none-eabi/9.3.1/thumb/v7e-m+fp/hard\libgcc.a
LOAD c:/st/stm32cubeide_1.5.1/stm32cubeide/plugins/com.st.stm32cube.ide.mcu.externaltools.gnu-tools-for-stm32.9-2020-q2-update.win32_2.0.0.202105311346/tools/bin/../lib/gcc/arm-none-eabi/9.3.1/../../../../arm-none-eabi/lib/thumb/v7e-m+fp/hard\libc_nano.a
END GROUP
START GROUP
LOAD c:/st/stm32cubeide_1.5.1/stm32cubeide/plugins/com.st.stm32cube.ide.mcu.externaltools.gnu-tools-for-stm32.9-2020-q2-update.win32_2.0.0.202105311346/tools/bin/../lib/gcc/arm-none-eabi/9.3.1/thumb/v7e-m+fp/hard\libgcc.a
LOAD c:/st/stm32cubeide_1.5.1/stm32cubeide/plugins/com.st.stm32cube.ide.mcu.externaltools.gnu-tools-for-stm32.9-2020-q2-update.win32_2.0.0.202105311346/tools/bin/../lib/gcc/arm-none-eabi/9.3.1/../../../../arm-none-eabi/lib/thumb/v7e-m+fp/hard\libc_nano.a
LOAD c:/st/stm32cubeide_1.5.1/stm32cubeide/plugins/com.st.stm32cube.ide.mcu.externaltools.gnu-tools-for-stm32.9-2020-q2-update.win32_2.0.0.202105311346/tools/bin/../lib/gcc/arm-none-eabi/9.3.1/../../../../arm-none-eabi/lib/thumb/v7e-m+fp/hard\libnosys.a
END GROUP
START GROUP
LOAD c:/st/stm32cubeide_1.5.1/stm32cubeide/plugins/com.st.stm32cube.ide.mcu.externaltools.gnu-tools-for-stm32.9-2020-q2-update.win32_2.0.0.202105311346/tools/bin/../lib/gcc/arm-none-eabi/9.3.1/thumb/v7e-m+fp/hard\libgcc.a
LOAD c:/st/stm32cubeide_1.5.1/stm32cubeide/plugins/com.st.stm32cube.ide.mcu.externaltools.gnu-tools-for-stm32.9-2020-q2-update.win32_2.0.0.202105311346/tools/bin/../lib/gcc/arm-none-eabi/9.3.1/../../../../arm-none-eabi/lib/thumb/v7e-m+fp/hard\libc_nano.a
LOAD c:/st/stm32cubeide_1.5.1/stm32cubeide/plugins/com.st.stm32cube.ide.mcu.externaltools.gnu-tools-for-stm32.9-2020-q2-update.win32_2.0.0.202105311346/tools/bin/../lib/gcc/arm-none-eabi/9.3.1/../../../../arm-none-eabi/lib/thumb/v7e-m+fp/hard\libnosys.a
END GROUP
LOAD c:/st/stm32cubeide_1.5.1/stm32cubeide/plugins/com.st.stm32cube.ide.mcu.externaltools.gnu-tools-for-stm32.9-2020-q2-update.win32_2.0.0.202105311346/tools/bin/../lib/gcc/arm-none-eabi/9.3.1/thumb/v7e-m+fp/hard/crtend.o
LOAD c:/st/stm32cubeide_1.5.1/stm32cubeide/plugins/com.st.stm32cube.ide.mcu.externaltools.gnu-tools-for-stm32.9-2020-q2-update.win32_2.0.0.202105311346/tools/bin/../lib/gcc/arm-none-eabi/9.3.1/thumb/v7e-m+fp/hard/crtn.o
                0x0000000020010000                _estack = (ORIGIN (RAM) + LENGTH (RAM))
                0x0000000000000200                _Min_Heap_Size = 0x200
                0x0000000000000400                _Min_Stack_Size = 0x400

.isr_vector     0x0000000008000000      0x194
                0x0000000008000000                . = ALIGN (0x4)
 *(.isr_vector)
 .isr_vector    0x0000000008000000      0x194 ./Core/Startup/startup_stm32f303retx.o
                0x0000000008000000                g_pfnVectors
                0x0000000008000194                . = ALIGN (0x4)

.text           0x00000000080001a0     0xa0d8
                0x00000000080001a0                . = ALIGN (0x4)
 *(.text)
 .text          0x00000000080001a0       0x40 c:/st/stm32cubeide_1.5.1/stm32cubeide/plugins/com.st.stm32cube.ide.mcu.externaltools.gnu-tools-for-stm32.9-2020-q2-update.win32_2.0.0.202105311346/tools/bin/../lib/gcc/arm-none-eabi/9.3.1/thumb/v7e-m+fp/hard/crtbegin.o
 .text          0x00000000080001e0       0x10 c:/st/stm32cubeide_1.5.1/stm32cubeide/plugins/com.st.stm32cube.ide.mcu.externaltools.gnu-tools-for-stm32.9-2020-q2-update.win32_2.0.0.202105311346/tools/bin/../lib/gcc/arm-none-eabi/9.3.1/../../../../arm-none-eabi/lib/thumb/v7e-m+fp/hard\libc_nano.a(lib_a-strlen.o)
                0x00000000080001e0                strlen
 .text          0x00000000080001f0       0xa0 c:/st/stm32cubeide_1.5.1/stm32cubeide/plugins/com.st.stm32cube.ide.mcu.externaltools.gnu-tools-for-stm32.9-2020-q2-update.win32_2.0.0.202105311346/tools/bin/../lib/gcc/arm-none-eabi/9.3.1/../../../../arm-none-eabi/lib/thumb/v7e-m+fp/hard\libc_nano.a(lib_a-memchr.o)
                0x00000000080001f0                memchr
 .text          0x0000000008000290      0x378 c:/st/stm32cubeide_1.5.1/stm32cubeide/plugins/com.st.stm32cube.ide.mcu.externaltools.gnu-tools-for-stm32.9-2020-q2-update.win32_2.0.0.202105311346/tools/bin/../lib/gcc/arm-none-eabi/9.3.1/thumb/v7e-m+fp/hard\libgcc.a(_arm_addsubdf3.o)
                0x0000000008000290                __aeabi_drsub
                0x0000000008000298                __aeabi_dsub
                0x0000000008000298                __subdf3
                0x000000000800029c                __aeabi_dadd
                0x000000000800029c                __adddf3
                0x0000000008000514                __floatunsidf
                0x0000000008000514                __aeabi_ui2d
                0x0000000008000534                __floatsidf
                0x0000000008000534                __aeabi_i2d
                0x0000000008000558                __aeabi_f2d
                0x0000000008000558                __extendsfdf2
                0x000000000800059c                __floatundidf
                0x000000000800059c                __aeabi_ul2d
                0x00000000080005ac                __floatdidf
                0x00000000080005ac                __aeabi_l2d
 .text          0x0000000008000608      0x424 c:/st/stm32cubeide_1.5.1/stm32cubeide/plugins/com.st.stm32cube.ide.mcu.externaltools.gnu-tools-for-stm32.9-2020-q2-update.win32_2.0.0.202105311346/tools/bin/../lib/gcc/arm-none-eabi/9.3.1/thumb/v7e-m+fp/hard\libgcc.a(_arm_muldivdf3.o)
                0x0000000008000608                __aeabi_dmul
                0x0000000008000608                __muldf3
                0x000000000800085c                __divdf3
                0x000000000800085c                __aeabi_ddiv
 .text          0x0000000008000a2c      0x110 c:/st/stm32cubeide_1.5.1/stm32cubeide/plugins/com.st.stm32cube.ide.mcu.externaltools.gnu-tools-for-stm32.9-2020-q2-update.win32_2.0.0.202105311346/tools/bin/../lib/gcc/arm-none-eabi/9.3.1/thumb/v7e-m+fp/hard\libgcc.a(_arm_cmpdf2.o)
                0x0000000008000a2c                __gtdf2
                0x0000000008000a2c                __gedf2
                0x0000000008000a34                __ltdf2
                0x0000000008000a34                __ledf2
                0x0000000008000a3c                __nedf2
                0x0000000008000a3c                __eqdf2
                0x0000000008000a3c                __cmpdf2
                0x0000000008000ab8                __aeabi_cdrcmple
                0x0000000008000ac8                __aeabi_cdcmpeq
                0x0000000008000ac8                __aeabi_cdcmple
                0x0000000008000ad8                __aeabi_dcmpeq
                0x0000000008000aec                __aeabi_dcmplt
                0x0000000008000b00                __aeabi_dcmple
                0x0000000008000b14                __aeabi_dcmpge
                0x0000000008000b28                __aeabi_dcmpgt
 .text          0x0000000008000b3c       0x2c c:/st/stm32cubeide_1.5.1/stm32cubeide/plugins/com.st.stm32cube.ide.mcu.externaltools.gnu-tools-for-stm32.9-2020-q2-update.win32_2.0.0.202105311346/tools/bin/../lib/gcc/arm-none-eabi/9.3.1/thumb/v7e-m+fp/hard\libgcc.a(_arm_unorddf2.o)
                0x0000000008000b3c                __unorddf2
                0x0000000008000b3c                __aeabi_dcmpun
 .text          0x0000000008000b68       0x40 c:/st/stm32cubeide_1.5.1/stm32cubeide/plugins/com.st.stm32cube.ide.mcu.externaltools.gnu-tools-for-stm32.9-2020-q2-update.win32_2.0.0.202105311346/tools/bin/../lib/gcc/arm-none-eabi/9.3.1/thumb/v7e-m+fp/hard\libgcc.a(_arm_fixunsdfsi.o)
                0x0000000008000b68                __aeabi_d2uiz
                0x0000000008000b68                __fixunsdfsi
 *(.text*)
 .text.MX_DMA_Init
                0x0000000008000ba8       0x34 ./Core/Src/dma.o
                0x0000000008000ba8                MX_DMA_Init
 .text.MX_GPIO_Init
                0x0000000008000bdc      0x104 ./Core/Src/gpio.o
                0x0000000008000bdc                MX_GPIO_Init
 .text.MX_I2C1_Init
                0x0000000008000ce0       0x70 ./Core/Src/i2c.o
                0x0000000008000ce0                MX_I2C1_Init
 .text.HAL_I2C_MspInit
                0x0000000008000d50       0xa8 ./Core/Src/i2c.o
                0x0000000008000d50                HAL_I2C_MspInit
 .text.MX_I2S2_Init
                0x0000000008000df8       0x3c ./Core/Src/i2s.o
                0x0000000008000df8                MX_I2S2_Init
 .text.HAL_I2S_MspInit
                0x0000000008000e34       0xac ./Core/Src/i2s.o
                0x0000000008000e34                HAL_I2S_MspInit
 .text.__io_putchar
                0x0000000008000ee0       0x20 ./Core/Src/main.o
                0x0000000008000ee0                __io_putchar
 .text.SystemClock_Config
                0x0000000008000f00       0x88 ./Core/Src/main.o
                0x0000000008000f00                SystemClock_Config
 .text.startup.main
                0x0000000008000f88      0x21c ./Core/Src/main.o
                0x0000000008000f88                main
 .text.HAL_I2S_TxHalfCpltCallback
                0x00000000080011a4        0xc ./Core/Src/main.o
                0x00000000080011a4                HAL_I2S_TxHalfCpltCallback
 .text.HAL_I2S_TxCpltCallback
                0x00000000080011b0       0x44 ./Core/Src/main.o
                0x00000000080011b0                HAL_I2S_TxCpltCallback
 .text.HAL_GPIO_EXTI_Callback
                0x00000000080011f4      0x494 ./Core/Src/main.o
                0x00000000080011f4                HAL_GPIO_EXTI_Callback
 .text.Error_Handler
                0x0000000008001688        0x4 ./Core/Src/main.o
                0x0000000008001688                Error_Handler
 .text.MX_SPI1_Init
                0x000000000800168c       0x50 ./Core/Src/spi.o
                0x000000000800168c                MX_SPI1_Init
 .text.HAL_SPI_MspInit
                0x00000000080016dc       0x68 ./Core/Src/spi.o
                0x00000000080016dc                HAL_SPI_MspInit
 .text.HAL_MspInit
                0x0000000008001744       0x30 ./Core/Src/stm32f3xx_hal_msp.o
                0x0000000008001744                HAL_MspInit
 .text.NMI_Handler
                0x0000000008001774        0x4 ./Core/Src/stm32f3xx_it.o
                0x0000000008001774                NMI_Handler
 .text.HardFault_Handler
                0x0000000008001778        0x4 ./Core/Src/stm32f3xx_it.o
                0x0000000008001778                HardFault_Handler
 .text.MemManage_Handler
                0x000000000800177c        0x4 ./Core/Src/stm32f3xx_it.o
                0x000000000800177c                MemManage_Handler
 .text.BusFault_Handler
                0x0000000008001780        0x4 ./Core/Src/stm32f3xx_it.o
                0x0000000008001780                BusFault_Handler
 .text.UsageFault_Handler
                0x0000000008001784        0x4 ./Core/Src/stm32f3xx_it.o
                0x0000000008001784                UsageFault_Handler
 .text.SVC_Handler
                0x0000000008001788        0x4 ./Core/Src/stm32f3xx_it.o
                0x0000000008001788                SVC_Handler
 .text.DebugMon_Handler
                0x000000000800178c        0x4 ./Core/Src/stm32f3xx_it.o
                0x000000000800178c                DebugMon_Handler
 .text.PendSV_Handler
                0x0000000008001790        0x4 ./Core/Src/stm32f3xx_it.o
                0x0000000008001790                PendSV_Handler
 .text.SysTick_Handler
                0x0000000008001794        0x4 ./Core/Src/stm32f3xx_it.o
                0x0000000008001794                SysTick_Handler
 .text.EXTI3_IRQHandler
                0x0000000008001798        0x8 ./Core/Src/stm32f3xx_it.o
                0x0000000008001798                EXTI3_IRQHandler
 .text.DMA1_Channel5_IRQHandler
                0x00000000080017a0        0xc ./Core/Src/stm32f3xx_it.o
                0x00000000080017a0                DMA1_Channel5_IRQHandler
 .text._read    0x00000000080017ac       0x1c ./Core/Src/syscalls.o
                0x00000000080017ac                _read
 .text._write   0x00000000080017c8       0x1c ./Core/Src/syscalls.o
                0x00000000080017c8                _write
 .text._close   0x00000000080017e4        0x8 ./Core/Src/syscalls.o
                0x00000000080017e4                _close
 .text._fstat   0x00000000080017ec        0xc ./Core/Src/syscalls.o
                0x00000000080017ec                _fstat
 .text._isatty  0x00000000080017f8        0x4 ./Core/Src/syscalls.o
                0x00000000080017f8                _isatty
 .text._lseek   0x00000000080017fc        0x4 ./Core/Src/syscalls.o
                0x00000000080017fc                _lseek
 .text._sbrk    0x0000000008001800       0x44 ./Core/Src/sysmem.o
                0x0000000008001800                _sbrk
 .text.MX_USART2_UART_Init
                0x0000000008001844       0x3c ./Core/Src/usart.o
                0x0000000008001844                MX_USART2_UART_Init
 .text.HAL_UART_MspInit
                0x0000000008001880       0x68 ./Core/Src/usart.o
                0x0000000008001880                HAL_UART_MspInit
 .text.Reset_Handler
                0x00000000080018e8       0x50 ./Core/Startup/startup_stm32f303retx.o
                0x00000000080018e8                Reset_Handler
 .text.Default_Handler
                0x0000000008001938        0x2 ./Core/Startup/startup_stm32f303retx.o
                0x0000000008001938                RTC_Alarm_IRQHandler
                0x0000000008001938                TIM8_TRG_COM_IRQHandler
                0x0000000008001938                TIM8_CC_IRQHandler
                0x0000000008001938                SPI4_IRQHandler
                0x0000000008001938                TIM1_CC_IRQHandler
                0x0000000008001938                USB_HP_IRQHandler
                0x0000000008001938                PVD_IRQHandler
                0x0000000008001938                TAMP_STAMP_IRQHandler
                0x0000000008001938                I2C3_ER_IRQHandler
                0x0000000008001938                USB_HP_CAN_TX_IRQHandler
                0x0000000008001938                EXTI0_IRQHandler
                0x0000000008001938                I2C2_EV_IRQHandler
                0x0000000008001938                FPU_IRQHandler
                0x0000000008001938                TIM1_UP_TIM16_IRQHandler
                0x0000000008001938                ADC1_2_IRQHandler
                0x0000000008001938                SPI1_IRQHandler
                0x0000000008001938                CAN_SCE_IRQHandler
                0x0000000008001938                TIM6_DAC_IRQHandler
                0x0000000008001938                TIM8_UP_IRQHandler
                0x0000000008001938                DMA2_Channel2_IRQHandler
                0x0000000008001938                DMA1_Channel4_IRQHandler
                0x0000000008001938                TIM20_TRG_COM_IRQHandler
                0x0000000008001938                USART3_IRQHandler
                0x0000000008001938                DMA1_Channel7_IRQHandler
                0x0000000008001938                UART5_IRQHandler
                0x0000000008001938                ADC3_IRQHandler
                0x0000000008001938                TIM4_IRQHandler
                0x0000000008001938                CAN_RX1_IRQHandler
                0x0000000008001938                DMA2_Channel1_IRQHandler
                0x0000000008001938                I2C1_EV_IRQHandler
                0x0000000008001938                DMA1_Channel6_IRQHandler
                0x0000000008001938                UART4_IRQHandler
                0x0000000008001938                DMA2_Channel4_IRQHandler
                0x0000000008001938                TIM3_IRQHandler
                0x0000000008001938                RCC_IRQHandler
                0x0000000008001938                TIM20_UP_IRQHandler
                0x0000000008001938                DMA1_Channel1_IRQHandler
                0x0000000008001938                Default_Handler
                0x0000000008001938                USBWakeUp_RMP_IRQHandler
                0x0000000008001938                EXTI15_10_IRQHandler
                0x0000000008001938                TIM7_IRQHandler
                0x0000000008001938                I2C3_EV_IRQHandler
                0x0000000008001938                EXTI9_5_IRQHandler
                0x0000000008001938                RTC_WKUP_IRQHandler
                0x0000000008001938                SPI2_IRQHandler
                0x0000000008001938                USB_LP_CAN_RX0_IRQHandler
                0x0000000008001938                DMA2_Channel5_IRQHandler
                0x0000000008001938                USB_LP_IRQHandler
                0x0000000008001938                EXTI4_IRQHandler
                0x0000000008001938                TIM1_TRG_COM_TIM17_IRQHandler
                0x0000000008001938                DMA1_Channel3_IRQHandler
                0x0000000008001938                ADC4_IRQHandler
                0x0000000008001938                WWDG_IRQHandler
                0x0000000008001938                TIM2_IRQHandler
                0x0000000008001938                COMP7_IRQHandler
                0x0000000008001938                COMP1_2_3_IRQHandler
                0x0000000008001938                EXTI1_IRQHandler
                0x0000000008001938                USART2_IRQHandler
                0x0000000008001938                COMP4_5_6_IRQHandler
                0x0000000008001938                TIM20_BRK_IRQHandler
                0x0000000008001938                I2C2_ER_IRQHandler
                0x0000000008001938                DMA1_Channel2_IRQHandler
                0x0000000008001938                TIM8_BRK_IRQHandler
                0x0000000008001938                FLASH_IRQHandler
                0x0000000008001938                TIM20_CC_IRQHandler
                0x0000000008001938                USART1_IRQHandler
                0x0000000008001938                SPI3_IRQHandler
                0x0000000008001938                I2C1_ER_IRQHandler
                0x0000000008001938                FMC_IRQHandler
                0x0000000008001938                USBWakeUp_IRQHandler
                0x0000000008001938                DMA2_Channel3_IRQHandler
                0x0000000008001938                EXTI2_TSC_IRQHandler
                0x0000000008001938                TIM1_BRK_TIM15_IRQHandler
 *fill*         0x000000000800193a        0x2 
 .text.ScanWavefiles
                0x000000000800193c      0x118 ./Drivers/AudioBoard/Play_WAV.o
                0x000000000800193c                ScanWavefiles
 .text.Get_WAV_Message
                0x0000000008001a54      0x188 ./Drivers/AudioBoard/Play_WAV.o
                0x0000000008001a54                Get_WAV_Message
 .text.Fill_WAV_Buffer
                0x0000000008001bdc      0x2e4 ./Drivers/AudioBoard/Play_WAV.o
                0x0000000008001bdc                Fill_WAV_Buffer
 .text.PlayWaveFile
                0x0000000008001ec0      0x190 ./Drivers/AudioBoard/Play_WAV.o
                0x0000000008001ec0                PlayWaveFile
 .text.WM8960_Write_Reg
                0x0000000008002050       0x3c ./Drivers/AudioBoard/WM8960.o
                0x0000000008002050                WM8960_Write_Reg
 .text.WM89060_Init
                0x000000000800208c       0xdc ./Drivers/AudioBoard/WM8960.o
                0x000000000800208c                WM89060_Init
 .text.Storage_OpenReadFile
                0x0000000008002168       0xe0 ./Drivers/BMPImages/fatfs_storage.o
                0x0000000008002168                Storage_OpenReadFile
 .text.Storage_GetDirectoryBitmapFiles
                0x0000000008002248       0xac ./Drivers/BMPImages/fatfs_storage.o
                0x0000000008002248                Storage_GetDirectoryBitmapFiles
 .text.SystemInit
                0x00000000080022f4       0x14 ./Drivers/CMSIS/Device/ST/STM32F3xx/Source/Templates/system_stm32f3xx.o
                0x00000000080022f4                SystemInit
 .text.lcd_write_byte
                0x0000000008002308       0x58 ./Drivers/LCD/lcd_driver.o
                0x0000000008002308                lcd_write_byte
 .text.setRotation.part.0
                0x0000000008002360      0x10c ./Drivers/LCD/lcd_driver.o
 .text.lcd_write_word
                0x000000000800246c       0x5c ./Drivers/LCD/lcd_driver.o
                0x000000000800246c                lcd_write_word
 .text.lcd_set_cursor
                0x00000000080024c8      0x130 ./Drivers/LCD/lcd_driver.o
                0x00000000080024c8                lcd_set_cursor
 .text.lcd_clear_screen
                0x00000000080025f8       0xd4 ./Drivers/LCD/lcd_driver.o
                0x00000000080025f8                lcd_clear_screen
 .text.lcd_set_window
                0x00000000080026cc      0x1e0 ./Drivers/LCD/lcd_driver.o
                0x00000000080026cc                lcd_set_window
 .text.lcd_draw_point
                0x00000000080028ac       0x3c ./Drivers/LCD/lcd_driver.o
                0x00000000080028ac                lcd_draw_point
 .text.lcd_display_char
                0x00000000080028e8       0xac ./Drivers/LCD/lcd_driver.o
                0x00000000080028e8                lcd_display_char
 .text.lcd_display_num
                0x0000000008002994       0xb8 ./Drivers/LCD/lcd_driver.o
                0x0000000008002994                lcd_display_num
 .text.lcd_display_string
                0x0000000008002a4c       0x6c ./Drivers/LCD/lcd_driver.o
                0x0000000008002a4c                lcd_display_string
 .text.lcd_draw_line
                0x0000000008002ab8       0x90 ./Drivers/LCD/lcd_driver.o
                0x0000000008002ab8                lcd_draw_line
 .text.lcd_draw_circle
                0x0000000008002b48       0xac ./Drivers/LCD/lcd_driver.o
                0x0000000008002b48                lcd_draw_circle
 .text.lcd_fill_rect
                0x0000000008002bf4       0x40 ./Drivers/LCD/lcd_driver.o
                0x0000000008002bf4                lcd_fill_rect
 .text.lcd_copy
                0x0000000008002c34       0x54 ./Drivers/LCD/lcd_driver.o
                0x0000000008002c34                lcd_copy
 .text.lcd_draw_image
                0x0000000008002c88      0x1ac ./Drivers/LCD/lcd_driver.o
                0x0000000008002c88                lcd_draw_image
 .text.setRotation
                0x0000000008002e34       0x14 ./Drivers/LCD/lcd_driver.o
                0x0000000008002e34                setRotation
 .text.lcd_read_id
                0x0000000008002e48       0x68 ./Drivers/LCD/lcd_driver.o
                0x0000000008002e48                lcd_read_id
 .text.lcd_init
                0x0000000008002eb0      0x5f8 ./Drivers/LCD/lcd_driver.o
                0x0000000008002eb0                lcd_init
 .text.HAL_InitTick
                0x00000000080034a8       0x48 ./Drivers/STM32F3xx_HAL_Driver/Src/stm32f3xx_hal.o
                0x00000000080034a8                HAL_InitTick
 .text.HAL_Init
                0x00000000080034f0       0x24 ./Drivers/STM32F3xx_HAL_Driver/Src/stm32f3xx_hal.o
                0x00000000080034f0                HAL_Init
 .text.HAL_IncTick
                0x0000000008003514       0x18 ./Drivers/STM32F3xx_HAL_Driver/Src/stm32f3xx_hal.o
                0x0000000008003514                HAL_IncTick
 .text.HAL_GetTick
                0x000000000800352c        0xc ./Drivers/STM32F3xx_HAL_Driver/Src/stm32f3xx_hal.o
                0x000000000800352c                HAL_GetTick
 .text.HAL_Delay
                0x0000000008003538       0x24 ./Drivers/STM32F3xx_HAL_Driver/Src/stm32f3xx_hal.o
                0x0000000008003538                HAL_Delay
 .text.HAL_NVIC_SetPriorityGrouping
                0x000000000800355c       0x28 ./Drivers/STM32F3xx_HAL_Driver/Src/stm32f3xx_hal_cortex.o
                0x000000000800355c                HAL_NVIC_SetPriorityGrouping
 .text.HAL_NVIC_SetPriority
                0x0000000008003584       0x70 ./Drivers/STM32F3xx_HAL_Driver/Src/stm32f3xx_hal_cortex.o
                0x0000000008003584                HAL_NVIC_SetPriority
 .text.HAL_NVIC_EnableIRQ
                0x00000000080035f4       0x1c ./Drivers/STM32F3xx_HAL_Driver/Src/stm32f3xx_hal_cortex.o
                0x00000000080035f4                HAL_NVIC_EnableIRQ
 .text.HAL_NVIC_DisableIRQ
                0x0000000008003610       0x28 ./Drivers/STM32F3xx_HAL_Driver/Src/stm32f3xx_hal_cortex.o
                0x0000000008003610                HAL_NVIC_DisableIRQ
 .text.HAL_SYSTICK_Config
                0x0000000008003638       0x34 ./Drivers/STM32F3xx_HAL_Driver/Src/stm32f3xx_hal_cortex.o
                0x0000000008003638                HAL_SYSTICK_Config
 .text.HAL_DMA_Init
                0x000000000800366c       0x84 ./Drivers/STM32F3xx_HAL_Driver/Src/stm32f3xx_hal_dma.o
                0x000000000800366c                HAL_DMA_Init
 .text.HAL_DMA_Start_IT
                0x00000000080036f0       0x84 ./Drivers/STM32F3xx_HAL_Driver/Src/stm32f3xx_hal_dma.o
                0x00000000080036f0                HAL_DMA_Start_IT
 .text.HAL_DMA_Abort
                0x0000000008003774       0x44 ./Drivers/STM32F3xx_HAL_Driver/Src/stm32f3xx_hal_dma.o
                0x0000000008003774                HAL_DMA_Abort
 .text.HAL_DMA_IRQHandler
                0x00000000080037b8       0x94 ./Drivers/STM32F3xx_HAL_Driver/Src/stm32f3xx_hal_dma.o
                0x00000000080037b8                HAL_DMA_IRQHandler
 .text.HAL_GPIO_Init
                0x000000000800384c      0x1f8 ./Drivers/STM32F3xx_HAL_Driver/Src/stm32f3xx_hal_gpio.o
                0x000000000800384c                HAL_GPIO_Init
 .text.HAL_GPIO_ReadPin
                0x0000000008003a44        0xc ./Drivers/STM32F3xx_HAL_Driver/Src/stm32f3xx_hal_gpio.o
                0x0000000008003a44                HAL_GPIO_ReadPin
 .text.HAL_GPIO_WritePin
                0x0000000008003a50        0xc ./Drivers/STM32F3xx_HAL_Driver/Src/stm32f3xx_hal_gpio.o
                0x0000000008003a50                HAL_GPIO_WritePin
 .text.HAL_GPIO_EXTI_IRQHandler
                0x0000000008003a5c       0x18 ./Drivers/STM32F3xx_HAL_Driver/Src/stm32f3xx_hal_gpio.o
                0x0000000008003a5c                HAL_GPIO_EXTI_IRQHandler
 .text.I2C_IsAcknowledgeFailed
                0x0000000008003a74       0x90 ./Drivers/STM32F3xx_HAL_Driver/Src/stm32f3xx_hal_i2c.o
 .text.I2C_WaitOnTXISFlagUntilTimeout
                0x0000000008003b04       0x54 ./Drivers/STM32F3xx_HAL_Driver/Src/stm32f3xx_hal_i2c.o
 .text.I2C_WaitOnSTOPFlagUntilTimeout
                0x0000000008003b58       0x4c ./Drivers/STM32F3xx_HAL_Driver/Src/stm32f3xx_hal_i2c.o
 .text.I2C_WaitOnFlagUntilTimeout
                0x0000000008003ba4       0x5c ./Drivers/STM32F3xx_HAL_Driver/Src/stm32f3xx_hal_i2c.o
 .text.HAL_I2C_Init
                0x0000000008003c00       0xa8 ./Drivers/STM32F3xx_HAL_Driver/Src/stm32f3xx_hal_i2c.o
                0x0000000008003c00                HAL_I2C_Init
 .text.HAL_I2C_Master_Transmit
                0x0000000008003ca8      0x198 ./Drivers/STM32F3xx_HAL_Driver/Src/stm32f3xx_hal_i2c.o
                0x0000000008003ca8                HAL_I2C_Master_Transmit
 .text.HAL_I2CEx_ConfigAnalogFilter
                0x0000000008003e40       0x58 ./Drivers/STM32F3xx_HAL_Driver/Src/stm32f3xx_hal_i2c_ex.o
                0x0000000008003e40                HAL_I2CEx_ConfigAnalogFilter
 .text.HAL_I2CEx_ConfigDigitalFilter
                0x0000000008003e98       0x54 ./Drivers/STM32F3xx_HAL_Driver/Src/stm32f3xx_hal_i2c_ex.o
                0x0000000008003e98                HAL_I2CEx_ConfigDigitalFilter
 .text.HAL_I2CEx_EnableFastModePlus
                0x0000000008003eec       0x2c ./Drivers/STM32F3xx_HAL_Driver/Src/stm32f3xx_hal_i2c_ex.o
                0x0000000008003eec                HAL_I2CEx_EnableFastModePlus
 .text.I2S_WaitFlagStateUntilTimeout
                0x0000000008003f18       0x50 ./Drivers/STM32F3xx_HAL_Driver/Src/stm32f3xx_hal_i2s.o
 .text.HAL_I2S_Init
                0x0000000008003f68      0x168 ./Drivers/STM32F3xx_HAL_Driver/Src/stm32f3xx_hal_i2s.o
                0x0000000008003f68                HAL_I2S_Init
 .text.HAL_I2S_Transmit_DMA
                0x00000000080040d0       0xc4 ./Drivers/STM32F3xx_HAL_Driver/Src/stm32f3xx_hal_i2s.o
                0x00000000080040d0                HAL_I2S_Transmit_DMA
 .text.HAL_I2S_DMAPause
                0x0000000008004194       0x94 ./Drivers/STM32F3xx_HAL_Driver/Src/stm32f3xx_hal_i2s.o
                0x0000000008004194                HAL_I2S_DMAPause
 .text.HAL_I2S_DMAResume
                0x0000000008004228       0xb0 ./Drivers/STM32F3xx_HAL_Driver/Src/stm32f3xx_hal_i2s.o
                0x0000000008004228                HAL_I2S_DMAResume
 .text.HAL_I2S_DMAStop
                0x00000000080042d8      0x1fc ./Drivers/STM32F3xx_HAL_Driver/Src/stm32f3xx_hal_i2s.o
                0x00000000080042d8                HAL_I2S_DMAStop
 .text.I2S_DMATxHalfCplt
                0x00000000080044d4        0xc ./Drivers/STM32F3xx_HAL_Driver/Src/stm32f3xx_hal_i2s.o
 .text.I2S_DMATxCplt
                0x00000000080044e0       0x20 ./Drivers/STM32F3xx_HAL_Driver/Src/stm32f3xx_hal_i2s.o
 .text.HAL_I2S_RxCpltCallback
                0x0000000008004500        0x4 ./Drivers/STM32F3xx_HAL_Driver/Src/stm32f3xx_hal_i2s.o
                0x0000000008004500                HAL_I2S_RxCpltCallback
 .text.HAL_I2S_ErrorCallback
                0x0000000008004504        0x4 ./Drivers/STM32F3xx_HAL_Driver/Src/stm32f3xx_hal_i2s.o
                0x0000000008004504                HAL_I2S_ErrorCallback
 .text.I2S_IRQHandler
                0x0000000008004508      0x108 ./Drivers/STM32F3xx_HAL_Driver/Src/stm32f3xx_hal_i2s.o
 .text.I2S_DMAError
                0x0000000008004610       0x28 ./Drivers/STM32F3xx_HAL_Driver/Src/stm32f3xx_hal_i2s.o
 .text.HAL_I2SEx_TxRxCpltCallback
                0x0000000008004638        0x4 ./Drivers/STM32F3xx_HAL_Driver/Src/stm32f3xx_hal_i2s_ex.o
                0x0000000008004638                HAL_I2SEx_TxRxCpltCallback
 .text.HAL_I2SEx_FullDuplex_IRQHandler
                0x000000000800463c      0x254 ./Drivers/STM32F3xx_HAL_Driver/Src/stm32f3xx_hal_i2s_ex.o
                0x000000000800463c                HAL_I2SEx_FullDuplex_IRQHandler
 .text.HAL_RCC_OscConfig
                0x0000000008004890      0x5dc ./Drivers/STM32F3xx_HAL_Driver/Src/stm32f3xx_hal_rcc.o
                0x0000000008004890                HAL_RCC_OscConfig
 .text.HAL_RCC_GetSysClockFreq
                0x0000000008004e6c       0x5c ./Drivers/STM32F3xx_HAL_Driver/Src/stm32f3xx_hal_rcc.o
                0x0000000008004e6c                HAL_RCC_GetSysClockFreq
 .text.HAL_RCC_ClockConfig
                0x0000000008004ec8      0x184 ./Drivers/STM32F3xx_HAL_Driver/Src/stm32f3xx_hal_rcc.o
                0x0000000008004ec8                HAL_RCC_ClockConfig
 .text.HAL_RCC_GetPCLK1Freq
                0x000000000800504c       0x30 ./Drivers/STM32F3xx_HAL_Driver/Src/stm32f3xx_hal_rcc.o
                0x000000000800504c                HAL_RCC_GetPCLK1Freq
 .text.HAL_RCC_GetPCLK2Freq
                0x000000000800507c       0x30 ./Drivers/STM32F3xx_HAL_Driver/Src/stm32f3xx_hal_rcc.o
                0x000000000800507c                HAL_RCC_GetPCLK2Freq
 .text.HAL_RCCEx_PeriphCLKConfig
                0x00000000080050ac      0x2a0 ./Drivers/STM32F3xx_HAL_Driver/Src/stm32f3xx_hal_rcc_ex.o
                0x00000000080050ac                HAL_RCCEx_PeriphCLKConfig
 .text.SPI_WaitFlagStateUntilTimeout.constprop.0
                0x000000000800534c       0xb0 ./Drivers/STM32F3xx_HAL_Driver/Src/stm32f3xx_hal_spi.o
 .text.SPI_WaitFifoStateUntilTimeout.constprop.0
                0x00000000080053fc       0xe8 ./Drivers/STM32F3xx_HAL_Driver/Src/stm32f3xx_hal_spi.o
 .text.SPI_EndRxTxTransaction
                0x00000000080054e4       0x40 ./Drivers/STM32F3xx_HAL_Driver/Src/stm32f3xx_hal_spi.o
 .text.HAL_SPI_Init
                0x0000000008005524      0x10c ./Drivers/STM32F3xx_HAL_Driver/Src/stm32f3xx_hal_spi.o
                0x0000000008005524                HAL_SPI_Init
 .text.HAL_SPI_Transmit
                0x0000000008005630      0x1c0 ./Drivers/STM32F3xx_HAL_Driver/Src/stm32f3xx_hal_spi.o
                0x0000000008005630                HAL_SPI_Transmit
 .text.HAL_SPI_TransmitReceive
                0x00000000080057f0      0x2a8 ./Drivers/STM32F3xx_HAL_Driver/Src/stm32f3xx_hal_spi.o
                0x00000000080057f0                HAL_SPI_TransmitReceive
 .text.UART_SetConfig
                0x0000000008005a98      0x25c ./Drivers/STM32F3xx_HAL_Driver/Src/stm32f3xx_hal_uart.o
                0x0000000008005a98                UART_SetConfig
 .text.UART_AdvFeatureConfig
                0x0000000008005cf4       0xb0 ./Drivers/STM32F3xx_HAL_Driver/Src/stm32f3xx_hal_uart.o
                0x0000000008005cf4                UART_AdvFeatureConfig
 .text.UART_WaitOnFlagUntilTimeout
                0x0000000008005da4       0xd8 ./Drivers/STM32F3xx_HAL_Driver/Src/stm32f3xx_hal_uart.o
                0x0000000008005da4                UART_WaitOnFlagUntilTimeout
 .text.HAL_UART_Transmit
                0x0000000008005e7c       0xd8 ./Drivers/STM32F3xx_HAL_Driver/Src/stm32f3xx_hal_uart.o
                0x0000000008005e7c                HAL_UART_Transmit
 .text.UART_CheckIdleState
                0x0000000008005f54       0x70 ./Drivers/STM32F3xx_HAL_Driver/Src/stm32f3xx_hal_uart.o
                0x0000000008005f54                UART_CheckIdleState
 .text.HAL_UART_Init
                0x0000000008005fc4       0x64 ./Drivers/STM32F3xx_HAL_Driver/Src/stm32f3xx_hal_uart.o
                0x0000000008005fc4                HAL_UART_Init
 .text.tp_init  0x0000000008006028        0x4 ./Drivers/Touch/Touch.o
                0x0000000008006028                tp_init
 .text.tp_draw_touch_point
                0x000000000800602c       0x84 ./Drivers/Touch/Touch.o
                0x000000000800602c                tp_draw_touch_point
 .text.tp_show_info
                0x00000000080060b0      0x168 ./Drivers/Touch/Touch.o
                0x00000000080060b0                tp_show_info
 .text.tp_scan  0x0000000008006218       0xc4 ./Drivers/Touch/Touch.o
                0x0000000008006218                tp_scan
 *fill*         0x00000000080062dc        0x4 
 .text.tp_adjust
                0x00000000080062e0      0x534 ./Drivers/Touch/Touch.o
                0x00000000080062e0                tp_adjust
 .text.xpt2046_init
                0x0000000008006814       0x10 ./Drivers/XPT2046/XPT2046.o
                0x0000000008006814                xpt2046_init
 .text.xpt2046_read_ad_value
                0x0000000008006824       0x84 ./Drivers/XPT2046/XPT2046.o
                0x0000000008006824                xpt2046_read_ad_value
 .text.xpt2046_read_average
                0x00000000080068a8       0x68 ./Drivers/XPT2046/XPT2046.o
                0x00000000080068a8                xpt2046_read_average
 .text.xpt2046_twice_read_xy
                0x0000000008006910       0x74 ./Drivers/XPT2046/XPT2046.o
                0x0000000008006910                xpt2046_twice_read_xy
 .text.wait_ready
                0x0000000008006984       0x54 ./Drivers/diskio_spi/user_diskio_spi.o
 .text.despiselect
                0x00000000080069d8       0x34 ./Drivers/diskio_spi/user_diskio_spi.o
 .text.spiselect
                0x0000000008006a0c       0x50 ./Drivers/diskio_spi/user_diskio_spi.o
 .text.send_cmd
                0x0000000008006a5c      0x134 ./Drivers/diskio_spi/user_diskio_spi.o
 .text.rcvr_datablock
                0x0000000008006b90       0xcc ./Drivers/diskio_spi/user_diskio_spi.o
 .text.xmit_datablock
                0x0000000008006c5c       0xc8 ./Drivers/diskio_spi/user_diskio_spi.o
 .text.USER_SPI_initialize
                0x0000000008006d24      0x1d8 ./Drivers/diskio_spi/user_diskio_spi.o
                0x0000000008006d24                USER_SPI_initialize
 .text.USER_SPI_status
                0x0000000008006efc       0x14 ./Drivers/diskio_spi/user_diskio_spi.o
                0x0000000008006efc                USER_SPI_status
 .text.USER_SPI_read
                0x0000000008006f10       0x88 ./Drivers/diskio_spi/user_diskio_spi.o
                0x0000000008006f10                USER_SPI_read
 .text.USER_SPI_write
                0x0000000008006f98       0xbc ./Drivers/diskio_spi/user_diskio_spi.o
                0x0000000008006f98                USER_SPI_write
 .text.USER_SPI_ioctl
                0x0000000008007054      0x234 ./Drivers/diskio_spi/user_diskio_spi.o
                0x0000000008007054                USER_SPI_ioctl
 .text.MX_FATFS_Init
                0x0000000008007288       0x1c ./FATFS/App/fatfs.o
                0x0000000008007288                MX_FATFS_Init
 .text.get_fattime
                0x00000000080072a4        0x4 ./FATFS/App/fatfs.o
                0x00000000080072a4                get_fattime
 .text.USER_initialize
                0x00000000080072a8        0x4 ./FATFS/Target/user_diskio.o
                0x00000000080072a8                USER_initialize
 .text.USER_status
                0x00000000080072ac        0x4 ./FATFS/Target/user_diskio.o
                0x00000000080072ac                USER_status
 .text.USER_read
                0x00000000080072b0        0x4 ./FATFS/Target/user_diskio.o
                0x00000000080072b0                USER_read
 .text.USER_write
                0x00000000080072b4        0x4 ./FATFS/Target/user_diskio.o
                0x00000000080072b4                USER_write
 .text.USER_ioctl
                0x00000000080072b8        0x4 ./FATFS/Target/user_diskio.o
                0x00000000080072b8                USER_ioctl
 .text.disk_status
                0x00000000080072bc       0x14 ./Middlewares/Third_Party/FatFs/src/diskio.o
                0x00000000080072bc                disk_status
 .text.disk_initialize
                0x00000000080072d0       0x20 ./Middlewares/Third_Party/FatFs/src/diskio.o
                0x00000000080072d0                disk_initialize
 .text.disk_read
                0x00000000080072f0       0x1c ./Middlewares/Third_Party/FatFs/src/diskio.o
                0x00000000080072f0                disk_read
 .text.disk_write
                0x000000000800730c       0x1c ./Middlewares/Third_Party/FatFs/src/diskio.o
                0x000000000800730c                disk_write
 .text.disk_ioctl
                0x0000000008007328       0x1c ./Middlewares/Third_Party/FatFs/src/diskio.o
                0x0000000008007328                disk_ioctl
 .text.chk_lock
                0x0000000008007344       0x90 ./Middlewares/Third_Party/FatFs/src/ff.o
 .text.inc_lock
                0x00000000080073d4       0xbc ./Middlewares/Third_Party/FatFs/src/ff.o
 .text.get_ldnumber
                0x0000000008007490       0x48 ./Middlewares/Third_Party/FatFs/src/ff.o
 .text.validate
                0x00000000080074d8       0x34 ./Middlewares/Third_Party/FatFs/src/ff.o
 .text.get_fileinfo.isra.0
                0x000000000800750c       0x68 ./Middlewares/Third_Party/FatFs/src/ff.o
 .text.sync_window.part.0
                0x0000000008007574       0x5c ./Middlewares/Third_Party/FatFs/src/ff.o
 .text.sync_fs  0x00000000080075d0       0x90 ./Middlewares/Third_Party/FatFs/src/ff.o
 .text.move_window.part.0
                0x0000000008007660       0x34 ./Middlewares/Third_Party/FatFs/src/ff.o
 .text.check_fs
                0x0000000008007694       0x60 ./Middlewares/Third_Party/FatFs/src/ff.o
 .text.find_volume
                0x00000000080076f4      0x2e0 ./Middlewares/Third_Party/FatFs/src/ff.o
 .text.get_fat.part.0
                0x00000000080079d4       0xd4 ./Middlewares/Third_Party/FatFs/src/ff.o
 .text.dir_sdi  0x0000000008007aa8       0xc4 ./Middlewares/Third_Party/FatFs/src/ff.o
 .text.put_fat.part.0
                0x0000000008007b6c      0x13c ./Middlewares/Third_Party/FatFs/src/ff.o
 .text.create_chain
                0x0000000008007ca8       0xe4 ./Middlewares/Third_Party/FatFs/src/ff.o
 .text.dir_next
                0x0000000008007d8c      0x160 ./Middlewares/Third_Party/FatFs/src/ff.o
 .text.follow_path
                0x0000000008007eec      0x1f8 ./Middlewares/Third_Party/FatFs/src/ff.o
 .text.remove_chain.part.0
                0x00000000080080e4       0x70 ./Middlewares/Third_Party/FatFs/src/ff.o
 .text.dir_read.constprop.0
                0x0000000008008154       0x60 ./Middlewares/Third_Party/FatFs/src/ff.o
 .text.dir_register
                0x00000000080081b4       0x9c ./Middlewares/Third_Party/FatFs/src/ff.o
 .text.f_mount  0x0000000008008250       0x78 ./Middlewares/Third_Party/FatFs/src/ff.o
                0x0000000008008250                f_mount
 .text.f_open   0x00000000080082c8      0x1fc ./Middlewares/Third_Party/FatFs/src/ff.o
                0x00000000080082c8                f_open
 .text.f_read   0x00000000080084c4      0x1f4 ./Middlewares/Third_Party/FatFs/src/ff.o
                0x00000000080084c4                f_read
 .text.f_sync   0x00000000080086b8       0xcc ./Middlewares/Third_Party/FatFs/src/ff.o
                0x00000000080086b8                f_sync
 .text.f_close  0x0000000008008784       0x60 ./Middlewares/Third_Party/FatFs/src/ff.o
                0x0000000008008784                f_close
 .text.f_lseek  0x00000000080087e4      0x320 ./Middlewares/Third_Party/FatFs/src/ff.o
                0x00000000080087e4                f_lseek
 .text.f_opendir
                0x0000000008008b04       0xb8 ./Middlewares/Third_Party/FatFs/src/ff.o
                0x0000000008008b04                f_opendir
 .text.f_closedir
                0x0000000008008bbc       0x50 ./Middlewares/Third_Party/FatFs/src/ff.o
                0x0000000008008bbc                f_closedir
 .text.f_readdir
                0x0000000008008c0c       0x6c ./Middlewares/Third_Party/FatFs/src/ff.o
                0x0000000008008c0c                f_readdir
 .text.FATFS_LinkDriver
                0x0000000008008c78       0x44 ./Middlewares/Third_Party/FatFs/src/ff_gen_drv.o
                0x0000000008008c78                FATFS_LinkDriver
 .text.__errno  0x0000000008008cbc        0xc c:/st/stm32cubeide_1.5.1/stm32cubeide/plugins/com.st.stm32cube.ide.mcu.externaltools.gnu-tools-for-stm32.9-2020-q2-update.win32_2.0.0.202105311346/tools/bin/../lib/gcc/arm-none-eabi/9.3.1/../../../../arm-none-eabi/lib/thumb/v7e-m+fp/hard\libc_nano.a(lib_a-errno.o)
                0x0000000008008cbc                __errno
 .text.__libc_init_array
                0x0000000008008cc8       0x48 c:/st/stm32cubeide_1.5.1/stm32cubeide/plugins/com.st.stm32cube.ide.mcu.externaltools.gnu-tools-for-stm32.9-2020-q2-update.win32_2.0.0.202105311346/tools/bin/../lib/gcc/arm-none-eabi/9.3.1/../../../../arm-none-eabi/lib/thumb/v7e-m+fp/hard\libc_nano.a(lib_a-init.o)
                0x0000000008008cc8                __libc_init_array
 .text.malloc   0x0000000008008d10       0x10 c:/st/stm32cubeide_1.5.1/stm32cubeide/plugins/com.st.stm32cube.ide.mcu.externaltools.gnu-tools-for-stm32.9-2020-q2-update.win32_2.0.0.202105311346/tools/bin/../lib/gcc/arm-none-eabi/9.3.1/../../../../arm-none-eabi/lib/thumb/v7e-m+fp/hard\libc_nano.a(lib_a-malloc.o)
                0x0000000008008d10                malloc
 .text.memset   0x0000000008008d20       0x10 c:/st/stm32cubeide_1.5.1/stm32cubeide/plugins/com.st.stm32cube.ide.mcu.externaltools.gnu-tools-for-stm32.9-2020-q2-update.win32_2.0.0.202105311346/tools/bin/../lib/gcc/arm-none-eabi/9.3.1/../../../../arm-none-eabi/lib/thumb/v7e-m+fp/hard\libc_nano.a(lib_a-memset.o)
                0x0000000008008d20                memset
 .text._free_r  0x0000000008008d30       0xa0 c:/st/stm32cubeide_1.5.1/stm32cubeide/plugins/com.st.stm32cube.ide.mcu.externaltools.gnu-tools-for-stm32.9-2020-q2-update.win32_2.0.0.202105311346/tools/bin/../lib/gcc/arm-none-eabi/9.3.1/../../../../arm-none-eabi/lib/thumb/v7e-m+fp/hard\libc_nano.a(lib_a-nano-freer.o)
                0x0000000008008d30                _free_r
 .text._malloc_r
                0x0000000008008dd0       0xb4 c:/st/stm32cubeide_1.5.1/stm32cubeide/plugins/com.st.stm32cube.ide.mcu.externaltools.gnu-tools-for-stm32.9-2020-q2-update.win32_2.0.0.202105311346/tools/bin/../lib/gcc/arm-none-eabi/9.3.1/../../../../arm-none-eabi/lib/thumb/v7e-m+fp/hard\libc_nano.a(lib_a-nano-mallocr.o)
                0x0000000008008dd0                _malloc_r
 .text.printf   0x0000000008008e84       0x30 c:/st/stm32cubeide_1.5.1/stm32cubeide/plugins/com.st.stm32cube.ide.mcu.externaltools.gnu-tools-for-stm32.9-2020-q2-update.win32_2.0.0.202105311346/tools/bin/../lib/gcc/arm-none-eabi/9.3.1/../../../../arm-none-eabi/lib/thumb/v7e-m+fp/hard\libc_nano.a(lib_a-printf.o)
                0x0000000008008e84                iprintf
                0x0000000008008e84                printf
 .text._puts_r  0x0000000008008eb4       0xdc c:/st/stm32cubeide_1.5.1/stm32cubeide/plugins/com.st.stm32cube.ide.mcu.externaltools.gnu-tools-for-stm32.9-2020-q2-update.win32_2.0.0.202105311346/tools/bin/../lib/gcc/arm-none-eabi/9.3.1/../../../../arm-none-eabi/lib/thumb/v7e-m+fp/hard\libc_nano.a(lib_a-puts.o)
                0x0000000008008eb4                _puts_r
 .text.puts     0x0000000008008f90       0x10 c:/st/stm32cubeide_1.5.1/stm32cubeide/plugins/com.st.stm32cube.ide.mcu.externaltools.gnu-tools-for-stm32.9-2020-q2-update.win32_2.0.0.202105311346/tools/bin/../lib/gcc/arm-none-eabi/9.3.1/../../../../arm-none-eabi/lib/thumb/v7e-m+fp/hard\libc_nano.a(lib_a-puts.o)
                0x0000000008008f90                puts
 .text._sbrk_r  0x0000000008008fa0       0x20 c:/st/stm32cubeide_1.5.1/stm32cubeide/plugins/com.st.stm32cube.ide.mcu.externaltools.gnu-tools-for-stm32.9-2020-q2-update.win32_2.0.0.202105311346/tools/bin/../lib/gcc/arm-none-eabi/9.3.1/../../../../arm-none-eabi/lib/thumb/v7e-m+fp/hard\libc_nano.a(lib_a-sbrkr.o)
                0x0000000008008fa0                _sbrk_r
 .text.sprintf  0x0000000008008fc0       0x40 c:/st/stm32cubeide_1.5.1/stm32cubeide/plugins/com.st.stm32cube.ide.mcu.externaltools.gnu-tools-for-stm32.9-2020-q2-update.win32_2.0.0.202105311346/tools/bin/../lib/gcc/arm-none-eabi/9.3.1/../../../../arm-none-eabi/lib/thumb/v7e-m+fp/hard\libc_nano.a(lib_a-sprintf.o)
                0x0000000008008fc0                siprintf
                0x0000000008008fc0                sprintf
 .text.stpcpy   0x0000000008009000       0x12 c:/st/stm32cubeide_1.5.1/stm32cubeide/plugins/com.st.stm32cube.ide.mcu.externaltools.gnu-tools-for-stm32.9-2020-q2-update.win32_2.0.0.202105311346/tools/bin/../lib/gcc/arm-none-eabi/9.3.1/../../../../arm-none-eabi/lib/thumb/v7e-m+fp/hard\libc_nano.a(lib_a-stpcpy.o)
                0x0000000008009000                stpcpy
 .text.strcpy   0x0000000008009012       0x10 c:/st/stm32cubeide_1.5.1/stm32cubeide/plugins/com.st.stm32cube.ide.mcu.externaltools.gnu-tools-for-stm32.9-2020-q2-update.win32_2.0.0.202105311346/tools/bin/../lib/gcc/arm-none-eabi/9.3.1/../../../../arm-none-eabi/lib/thumb/v7e-m+fp/hard\libc_nano.a(lib_a-strcpy.o)
                0x0000000008009012                strcpy
 *fill*         0x0000000008009022        0x2 
 .text.__swbuf_r
                0x0000000008009024       0xa4 c:/st/stm32cubeide_1.5.1/stm32cubeide/plugins/com.st.stm32cube.ide.mcu.externaltools.gnu-tools-for-stm32.9-2020-q2-update.win32_2.0.0.202105311346/tools/bin/../lib/gcc/arm-none-eabi/9.3.1/../../../../arm-none-eabi/lib/thumb/v7e-m+fp/hard\libc_nano.a(lib_a-wbuf.o)
                0x0000000008009024                __swbuf_r
 .text.__swsetup_r
                0x00000000080090c8       0xdc c:/st/stm32cubeide_1.5.1/stm32cubeide/plugins/com.st.stm32cube.ide.mcu.externaltools.gnu-tools-for-stm32.9-2020-q2-update.win32_2.0.0.202105311346/tools/bin/../lib/gcc/arm-none-eabi/9.3.1/../../../../arm-none-eabi/lib/thumb/v7e-m+fp/hard\libc_nano.a(lib_a-wsetup.o)
                0x00000000080090c8                __swsetup_r
 .text.__sflush_r
                0x00000000080091a4      0x10c c:/st/stm32cubeide_1.5.1/stm32cubeide/plugins/com.st.stm32cube.ide.mcu.externaltools.gnu-tools-for-stm32.9-2020-q2-update.win32_2.0.0.202105311346/tools/bin/../lib/gcc/arm-none-eabi/9.3.1/../../../../arm-none-eabi/lib/thumb/v7e-m+fp/hard\libc_nano.a(lib_a-fflush.o)
                0x00000000080091a4                __sflush_r
 .text._fflush_r
                0x00000000080092b0       0x78 c:/st/stm32cubeide_1.5.1/stm32cubeide/plugins/com.st.stm32cube.ide.mcu.externaltools.gnu-tools-for-stm32.9-2020-q2-update.win32_2.0.0.202105311346/tools/bin/../lib/gcc/arm-none-eabi/9.3.1/../../../../arm-none-eabi/lib/thumb/v7e-m+fp/hard\libc_nano.a(lib_a-fflush.o)
                0x00000000080092b0                _fflush_r
 .text.std      0x0000000008009328       0x48 c:/st/stm32cubeide_1.5.1/stm32cubeide/plugins/com.st.stm32cube.ide.mcu.externaltools.gnu-tools-for-stm32.9-2020-q2-update.win32_2.0.0.202105311346/tools/bin/../lib/gcc/arm-none-eabi/9.3.1/../../../../arm-none-eabi/lib/thumb/v7e-m+fp/hard\libc_nano.a(lib_a-findfp.o)
 .text._cleanup_r
                0x0000000008009370        0xc c:/st/stm32cubeide_1.5.1/stm32cubeide/plugins/com.st.stm32cube.ide.mcu.externaltools.gnu-tools-for-stm32.9-2020-q2-update.win32_2.0.0.202105311346/tools/bin/../lib/gcc/arm-none-eabi/9.3.1/../../../../arm-none-eabi/lib/thumb/v7e-m+fp/hard\libc_nano.a(lib_a-findfp.o)
                0x0000000008009370                _cleanup_r
 .text.__sfmoreglue
                0x000000000800937c       0x2c c:/st/stm32cubeide_1.5.1/stm32cubeide/plugins/com.st.stm32cube.ide.mcu.externaltools.gnu-tools-for-stm32.9-2020-q2-update.win32_2.0.0.202105311346/tools/bin/../lib/gcc/arm-none-eabi/9.3.1/../../../../arm-none-eabi/lib/thumb/v7e-m+fp/hard\libc_nano.a(lib_a-findfp.o)
                0x000000000800937c                __sfmoreglue
 .text.__sfp_lock_acquire
                0x00000000080093a8        0xc c:/st/stm32cubeide_1.5.1/stm32cubeide/plugins/com.st.stm32cube.ide.mcu.externaltools.gnu-tools-for-stm32.9-2020-q2-update.win32_2.0.0.202105311346/tools/bin/../lib/gcc/arm-none-eabi/9.3.1/../../../../arm-none-eabi/lib/thumb/v7e-m+fp/hard\libc_nano.a(lib_a-findfp.o)
                0x00000000080093a8                __sfp_lock_acquire
 .text.__sfp_lock_release
                0x00000000080093b4        0xc c:/st/stm32cubeide_1.5.1/stm32cubeide/plugins/com.st.stm32cube.ide.mcu.externaltools.gnu-tools-for-stm32.9-2020-q2-update.win32_2.0.0.202105311346/tools/bin/../lib/gcc/arm-none-eabi/9.3.1/../../../../arm-none-eabi/lib/thumb/v7e-m+fp/hard\libc_nano.a(lib_a-findfp.o)
                0x00000000080093b4                __sfp_lock_release
 .text.__sinit_lock_acquire
                0x00000000080093c0        0xc c:/st/stm32cubeide_1.5.1/stm32cubeide/plugins/com.st.stm32cube.ide.mcu.externaltools.gnu-tools-for-stm32.9-2020-q2-update.win32_2.0.0.202105311346/tools/bin/../lib/gcc/arm-none-eabi/9.3.1/../../../../arm-none-eabi/lib/thumb/v7e-m+fp/hard\libc_nano.a(lib_a-findfp.o)
                0x00000000080093c0                __sinit_lock_acquire
 .text.__sinit_lock_release
                0x00000000080093cc        0xc c:/st/stm32cubeide_1.5.1/stm32cubeide/plugins/com.st.stm32cube.ide.mcu.externaltools.gnu-tools-for-stm32.9-2020-q2-update.win32_2.0.0.202105311346/tools/bin/../lib/gcc/arm-none-eabi/9.3.1/../../../../arm-none-eabi/lib/thumb/v7e-m+fp/hard\libc_nano.a(lib_a-findfp.o)
                0x00000000080093cc                __sinit_lock_release
 .text.__sinit  0x00000000080093d8       0x70 c:/st/stm32cubeide_1.5.1/stm32cubeide/plugins/com.st.stm32cube.ide.mcu.externaltools.gnu-tools-for-stm32.9-2020-q2-update.win32_2.0.0.202105311346/tools/bin/../lib/gcc/arm-none-eabi/9.3.1/../../../../arm-none-eabi/lib/thumb/v7e-m+fp/hard\libc_nano.a(lib_a-findfp.o)
                0x00000000080093d8                __sinit
 .text.__sfp    0x0000000008009448       0x8c c:/st/stm32cubeide_1.5.1/stm32cubeide/plugins/com.st.stm32cube.ide.mcu.externaltools.gnu-tools-for-stm32.9-2020-q2-update.win32_2.0.0.202105311346/tools/bin/../lib/gcc/arm-none-eabi/9.3.1/../../../../arm-none-eabi/lib/thumb/v7e-m+fp/hard\libc_nano.a(lib_a-findfp.o)
                0x0000000008009448                __sfp
 .text._fwalk_reent
                0x00000000080094d4       0x3e c:/st/stm32cubeide_1.5.1/stm32cubeide/plugins/com.st.stm32cube.ide.mcu.externaltools.gnu-tools-for-stm32.9-2020-q2-update.win32_2.0.0.202105311346/tools/bin/../lib/gcc/arm-none-eabi/9.3.1/../../../../arm-none-eabi/lib/thumb/v7e-m+fp/hard\libc_nano.a(lib_a-fwalk.o)
                0x00000000080094d4                _fwalk_reent
 .text.__retarget_lock_init_recursive
                0x0000000008009512        0x2 c:/st/stm32cubeide_1.5.1/stm32cubeide/plugins/com.st.stm32cube.ide.mcu.externaltools.gnu-tools-for-stm32.9-2020-q2-update.win32_2.0.0.202105311346/tools/bin/../lib/gcc/arm-none-eabi/9.3.1/../../../../arm-none-eabi/lib/thumb/v7e-m+fp/hard\libc_nano.a(lib_a-lock.o)
                0x0000000008009512                __retarget_lock_init_recursive
 .text.__retarget_lock_acquire_recursive
                0x0000000008009514        0x2 c:/st/stm32cubeide_1.5.1/stm32cubeide/plugins/com.st.stm32cube.ide.mcu.externaltools.gnu-tools-for-stm32.9-2020-q2-update.win32_2.0.0.202105311346/tools/bin/../lib/gcc/arm-none-eabi/9.3.1/../../../../arm-none-eabi/lib/thumb/v7e-m+fp/hard\libc_nano.a(lib_a-lock.o)
                0x0000000008009514                __retarget_lock_acquire_recursive
 .text.__retarget_lock_release_recursive
                0x0000000008009516        0x2 c:/st/stm32cubeide_1.5.1/stm32cubeide/plugins/com.st.stm32cube.ide.mcu.externaltools.gnu-tools-for-stm32.9-2020-q2-update.win32_2.0.0.202105311346/tools/bin/../lib/gcc/arm-none-eabi/9.3.1/../../../../arm-none-eabi/lib/thumb/v7e-m+fp/hard\libc_nano.a(lib_a-lock.o)
                0x0000000008009516                __retarget_lock_release_recursive
 .text.__swhatbuf_r
                0x0000000008009518       0x48 c:/st/stm32cubeide_1.5.1/stm32cubeide/plugins/com.st.stm32cube.ide.mcu.externaltools.gnu-tools-for-stm32.9-2020-q2-update.win32_2.0.0.202105311346/tools/bin/../lib/gcc/arm-none-eabi/9.3.1/../../../../arm-none-eabi/lib/thumb/v7e-m+fp/hard\libc_nano.a(lib_a-makebuf.o)
                0x0000000008009518                __swhatbuf_r
 .text.__smakebuf_r
                0x0000000008009560       0x80 c:/st/stm32cubeide_1.5.1/stm32cubeide/plugins/com.st.stm32cube.ide.mcu.externaltools.gnu-tools-for-stm32.9-2020-q2-update.win32_2.0.0.202105311346/tools/bin/../lib/gcc/arm-none-eabi/9.3.1/../../../../arm-none-eabi/lib/thumb/v7e-m+fp/hard\libc_nano.a(lib_a-makebuf.o)
                0x0000000008009560                __smakebuf_r
 .text.__malloc_lock
                0x00000000080095e0        0xc c:/st/stm32cubeide_1.5.1/stm32cubeide/plugins/com.st.stm32cube.ide.mcu.externaltools.gnu-tools-for-stm32.9-2020-q2-update.win32_2.0.0.202105311346/tools/bin/../lib/gcc/arm-none-eabi/9.3.1/../../../../arm-none-eabi/lib/thumb/v7e-m+fp/hard\libc_nano.a(lib_a-mlock.o)
                0x00000000080095e0                __malloc_lock
 .text.__malloc_unlock
                0x00000000080095ec        0xc c:/st/stm32cubeide_1.5.1/stm32cubeide/plugins/com.st.stm32cube.ide.mcu.externaltools.gnu-tools-for-stm32.9-2020-q2-update.win32_2.0.0.202105311346/tools/bin/../lib/gcc/arm-none-eabi/9.3.1/../../../../arm-none-eabi/lib/thumb/v7e-m+fp/hard\libc_nano.a(lib_a-mlock.o)
                0x00000000080095ec                __malloc_unlock
 .text.__ssputs_r
                0x00000000080095f8       0xb6 c:/st/stm32cubeide_1.5.1/stm32cubeide/plugins/com.st.stm32cube.ide.mcu.externaltools.gnu-tools-for-stm32.9-2020-q2-update.win32_2.0.0.202105311346/tools/bin/../lib/gcc/arm-none-eabi/9.3.1/../../../../arm-none-eabi/lib/thumb/v7e-m+fp/hard\libc_nano.a(lib_a-nano-svfprintf.o)
                0x00000000080095f8                __ssputs_r
 *fill*         0x00000000080096ae        0x2 
 .text._svfprintf_r
                0x00000000080096b0      0x200 c:/st/stm32cubeide_1.5.1/stm32cubeide/plugins/com.st.stm32cube.ide.mcu.externaltools.gnu-tools-for-stm32.9-2020-q2-update.win32_2.0.0.202105311346/tools/bin/../lib/gcc/arm-none-eabi/9.3.1/../../../../arm-none-eabi/lib/thumb/v7e-m+fp/hard\libc_nano.a(lib_a-nano-svfprintf.o)
                0x00000000080096b0                _svfiprintf_r
                0x00000000080096b0                _svfprintf_r
 .text.__sfputc_r
                0x00000000080098b0       0x2e c:/st/stm32cubeide_1.5.1/stm32cubeide/plugins/com.st.stm32cube.ide.mcu.externaltools.gnu-tools-for-stm32.9-2020-q2-update.win32_2.0.0.202105311346/tools/bin/../lib/gcc/arm-none-eabi/9.3.1/../../../../arm-none-eabi/lib/thumb/v7e-m+fp/hard\libc_nano.a(lib_a-nano-vfprintf.o)
 .text.__sfputs_r
                0x00000000080098de       0x24 c:/st/stm32cubeide_1.5.1/stm32cubeide/plugins/com.st.stm32cube.ide.mcu.externaltools.gnu-tools-for-stm32.9-2020-q2-update.win32_2.0.0.202105311346/tools/bin/../lib/gcc/arm-none-eabi/9.3.1/../../../../arm-none-eabi/lib/thumb/v7e-m+fp/hard\libc_nano.a(lib_a-nano-vfprintf.o)
                0x00000000080098de                __sfputs_r
 *fill*         0x0000000008009902        0x2 
 .text._vfprintf_r
                0x0000000008009904      0x260 c:/st/stm32cubeide_1.5.1/stm32cubeide/plugins/com.st.stm32cube.ide.mcu.externaltools.gnu-tools-for-stm32.9-2020-q2-update.win32_2.0.0.202105311346/tools/bin/../lib/gcc/arm-none-eabi/9.3.1/../../../../arm-none-eabi/lib/thumb/v7e-m+fp/hard\libc_nano.a(lib_a-nano-vfprintf.o)
                0x0000000008009904                _vfprintf_r
                0x0000000008009904                _vfiprintf_r
 .text._printf_common
                0x0000000008009b64       0xda c:/st/stm32cubeide_1.5.1/stm32cubeide/plugins/com.st.stm32cube.ide.mcu.externaltools.gnu-tools-for-stm32.9-2020-q2-update.win32_2.0.0.202105311346/tools/bin/../lib/gcc/arm-none-eabi/9.3.1/../../../../arm-none-eabi/lib/thumb/v7e-m+fp/hard\libc_nano.a(lib_a-nano-vfprintf_i.o)
                0x0000000008009b64                _printf_common
 *fill*         0x0000000008009c3e        0x2 
 .text._printf_i
                0x0000000008009c40      0x24c c:/st/stm32cubeide_1.5.1/stm32cubeide/plugins/com.st.stm32cube.ide.mcu.externaltools.gnu-tools-for-stm32.9-2020-q2-update.win32_2.0.0.202105311346/tools/bin/../lib/gcc/arm-none-eabi/9.3.1/../../../../arm-none-eabi/lib/thumb/v7e-m+fp/hard\libc_nano.a(lib_a-nano-vfprintf_i.o)
                0x0000000008009c40                _printf_i
 .text.__sread  0x0000000008009e8c       0x22 c:/st/stm32cubeide_1.5.1/stm32cubeide/plugins/com.st.stm32cube.ide.mcu.externaltools.gnu-tools-for-stm32.9-2020-q2-update.win32_2.0.0.202105311346/tools/bin/../lib/gcc/arm-none-eabi/9.3.1/../../../../arm-none-eabi/lib/thumb/v7e-m+fp/hard\libc_nano.a(lib_a-stdio.o)
                0x0000000008009e8c                __sread
 .text.__swrite
                0x0000000008009eae       0x38 c:/st/stm32cubeide_1.5.1/stm32cubeide/plugins/com.st.stm32cube.ide.mcu.externaltools.gnu-tools-for-stm32.9-2020-q2-update.win32_2.0.0.202105311346/tools/bin/../lib/gcc/arm-none-eabi/9.3.1/../../../../arm-none-eabi/lib/thumb/v7e-m+fp/hard\libc_nano.a(lib_a-stdio.o)
                0x0000000008009eae                __swrite
 .text.__sseek  0x0000000008009ee6       0x24 c:/st/stm32cubeide_1.5.1/stm32cubeide/plugins/com.st.stm32cube.ide.mcu.externaltools.gnu-tools-for-stm32.9-2020-q2-update.win32_2.0.0.202105311346/tools/bin/../lib/gcc/arm-none-eabi/9.3.1/../../../../arm-none-eabi/lib/thumb/v7e-m+fp/hard\libc_nano.a(lib_a-stdio.o)
                0x0000000008009ee6                __sseek
 .text.__sclose
                0x0000000008009f0a        0x8 c:/st/stm32cubeide_1.5.1/stm32cubeide/plugins/com.st.stm32cube.ide.mcu.externaltools.gnu-tools-for-stm32.9-2020-q2-update.win32_2.0.0.202105311346/tools/bin/../lib/gcc/arm-none-eabi/9.3.1/../../../../arm-none-eabi/lib/thumb/v7e-m+fp/hard\libc_nano.a(lib_a-stdio.o)
                0x0000000008009f0a                __sclose
 *fill*         0x0000000008009f12        0x2 
 .text._write_r
                0x0000000008009f14       0x24 c:/st/stm32cubeide_1.5.1/stm32cubeide/plugins/com.st.stm32cube.ide.mcu.externaltools.gnu-tools-for-stm32.9-2020-q2-update.win32_2.0.0.202105311346/tools/bin/../lib/gcc/arm-none-eabi/9.3.1/../../../../arm-none-eabi/lib/thumb/v7e-m+fp/hard\libc_nano.a(lib_a-writer.o)
                0x0000000008009f14                _write_r
 .text._close_r
                0x0000000008009f38       0x20 c:/st/stm32cubeide_1.5.1/stm32cubeide/plugins/com.st.stm32cube.ide.mcu.externaltools.gnu-tools-for-stm32.9-2020-q2-update.win32_2.0.0.202105311346/tools/bin/../lib/gcc/arm-none-eabi/9.3.1/../../../../arm-none-eabi/lib/thumb/v7e-m+fp/hard\libc_nano.a(lib_a-closer.o)
                0x0000000008009f38                _close_r
 .text._fstat_r
                0x0000000008009f58       0x24 c:/st/stm32cubeide_1.5.1/stm32cubeide/plugins/com.st.stm32cube.ide.mcu.externaltools.gnu-tools-for-stm32.9-2020-q2-update.win32_2.0.0.202105311346/tools/bin/../lib/gcc/arm-none-eabi/9.3.1/../../../../arm-none-eabi/lib/thumb/v7e-m+fp/hard\libc_nano.a(lib_a-fstatr.o)
                0x0000000008009f58                _fstat_r
 .text._isatty_r
                0x0000000008009f7c       0x20 c:/st/stm32cubeide_1.5.1/stm32cubeide/plugins/com.st.stm32cube.ide.mcu.externaltools.gnu-tools-for-stm32.9-2020-q2-update.win32_2.0.0.202105311346/tools/bin/../lib/gcc/arm-none-eabi/9.3.1/../../../../arm-none-eabi/lib/thumb/v7e-m+fp/hard\libc_nano.a(lib_a-isattyr.o)
                0x0000000008009f7c                _isatty_r
 .text._lseek_r
                0x0000000008009f9c       0x24 c:/st/stm32cubeide_1.5.1/stm32cubeide/plugins/com.st.stm32cube.ide.mcu.externaltools.gnu-tools-for-stm32.9-2020-q2-update.win32_2.0.0.202105311346/tools/bin/../lib/gcc/arm-none-eabi/9.3.1/../../../../arm-none-eabi/lib/thumb/v7e-m+fp/hard\libc_nano.a(lib_a-lseekr.o)
                0x0000000008009f9c                _lseek_r
 .text.memcpy   0x0000000008009fc0       0x1c c:/st/stm32cubeide_1.5.1/stm32cubeide/plugins/com.st.stm32cube.ide.mcu.externaltools.gnu-tools-for-stm32.9-2020-q2-update.win32_2.0.0.202105311346/tools/bin/../lib/gcc/arm-none-eabi/9.3.1/../../../../arm-none-eabi/lib/thumb/v7e-m+fp/hard\libc_nano.a(lib_a-memcpy-stub.o)
                0x0000000008009fc0                memcpy
 .text.memmove  0x0000000008009fdc       0x34 c:/st/stm32cubeide_1.5.1/stm32cubeide/plugins/com.st.stm32cube.ide.mcu.externaltools.gnu-tools-for-stm32.9-2020-q2-update.win32_2.0.0.202105311346/tools/bin/../lib/gcc/arm-none-eabi/9.3.1/../../../../arm-none-eabi/lib/thumb/v7e-m+fp/hard\libc_nano.a(lib_a-memmove.o)
                0x0000000008009fdc                memmove
 .text._realloc_r
                0x000000000800a010       0x4c c:/st/stm32cubeide_1.5.1/stm32cubeide/plugins/com.st.stm32cube.ide.mcu.externaltools.gnu-tools-for-stm32.9-2020-q2-update.win32_2.0.0.202105311346/tools/bin/../lib/gcc/arm-none-eabi/9.3.1/../../../../arm-none-eabi/lib/thumb/v7e-m+fp/hard\libc_nano.a(lib_a-nano-reallocr.o)
                0x000000000800a010                _realloc_r
 .text._read_r  0x000000000800a05c       0x24 c:/st/stm32cubeide_1.5.1/stm32cubeide/plugins/com.st.stm32cube.ide.mcu.externaltools.gnu-tools-for-stm32.9-2020-q2-update.win32_2.0.0.202105311346/tools/bin/../lib/gcc/arm-none-eabi/9.3.1/../../../../arm-none-eabi/lib/thumb/v7e-m+fp/hard\libc_nano.a(lib_a-readr.o)
                0x000000000800a05c                _read_r
 .text._malloc_usable_size_r
                0x000000000800a080       0x10 c:/st/stm32cubeide_1.5.1/stm32cubeide/plugins/com.st.stm32cube.ide.mcu.externaltools.gnu-tools-for-stm32.9-2020-q2-update.win32_2.0.0.202105311346/tools/bin/../lib/gcc/arm-none-eabi/9.3.1/../../../../arm-none-eabi/lib/thumb/v7e-m+fp/hard\libc_nano.a(lib_a-nano-msizer.o)
                0x000000000800a080                _malloc_usable_size_r
 .text.sqrt     0x000000000800a090       0x68 c:/st/stm32cubeide_1.5.1/stm32cubeide/plugins/com.st.stm32cube.ide.mcu.externaltools.gnu-tools-for-stm32.9-2020-q2-update.win32_2.0.0.202105311346/tools/bin/../lib/gcc/arm-none-eabi/9.3.1/../../../../arm-none-eabi/lib/thumb/v7e-m+fp/hard\libm.a(lib_a-w_sqrt.o)
                0x000000000800a090                sqrt
 .text.__ieee754_sqrt
                0x000000000800a0f8      0x168 c:/st/stm32cubeide_1.5.1/stm32cubeide/plugins/com.st.stm32cube.ide.mcu.externaltools.gnu-tools-for-stm32.9-2020-q2-update.win32_2.0.0.202105311346/tools/bin/../lib/gcc/arm-none-eabi/9.3.1/../../../../arm-none-eabi/lib/thumb/v7e-m+fp/hard\libm.a(lib_a-e_sqrt.o)
                0x000000000800a0f8                __ieee754_sqrt
 *(.glue_7)
 .glue_7        0x000000000800a260        0x0 linker stubs
 *(.glue_7t)
 .glue_7t       0x000000000800a260        0x0 linker stubs
 *(.eh_frame)
 .eh_frame      0x000000000800a260        0x0 c:/st/stm32cubeide_1.5.1/stm32cubeide/plugins/com.st.stm32cube.ide.mcu.externaltools.gnu-tools-for-stm32.9-2020-q2-update.win32_2.0.0.202105311346/tools/bin/../lib/gcc/arm-none-eabi/9.3.1/thumb/v7e-m+fp/hard/crtbegin.o
 *(.init)
 .init          0x000000000800a260        0x4 c:/st/stm32cubeide_1.5.1/stm32cubeide/plugins/com.st.stm32cube.ide.mcu.externaltools.gnu-tools-for-stm32.9-2020-q2-update.win32_2.0.0.202105311346/tools/bin/../lib/gcc/arm-none-eabi/9.3.1/thumb/v7e-m+fp/hard/crti.o
                0x000000000800a260                _init
 .init          0x000000000800a264        0x8 c:/st/stm32cubeide_1.5.1/stm32cubeide/plugins/com.st.stm32cube.ide.mcu.externaltools.gnu-tools-for-stm32.9-2020-q2-update.win32_2.0.0.202105311346/tools/bin/../lib/gcc/arm-none-eabi/9.3.1/thumb/v7e-m+fp/hard/crtn.o
 *(.fini)
 .fini          0x000000000800a26c        0x4 c:/st/stm32cubeide_1.5.1/stm32cubeide/plugins/com.st.stm32cube.ide.mcu.externaltools.gnu-tools-for-stm32.9-2020-q2-update.win32_2.0.0.202105311346/tools/bin/../lib/gcc/arm-none-eabi/9.3.1/thumb/v7e-m+fp/hard/crti.o
                0x000000000800a26c                _fini
 .fini          0x000000000800a270        0x8 c:/st/stm32cubeide_1.5.1/stm32cubeide/plugins/com.st.stm32cube.ide.mcu.externaltools.gnu-tools-for-stm32.9-2020-q2-update.win32_2.0.0.202105311346/tools/bin/../lib/gcc/arm-none-eabi/9.3.1/thumb/v7e-m+fp/hard/crtn.o
                0x000000000800a278                . = ALIGN (0x4)
                0x000000000800a278                _etext = .

.vfp11_veneer   0x000000000800a278        0x0
 .vfp11_veneer  0x000000000800a278        0x0 linker stubs

.v4_bx          0x000000000800a278        0x0
 .v4_bx         0x000000000800a278        0x0 linker stubs

.iplt           0x000000000800a278        0x0
 .iplt          0x000000000800a278        0x0 c:/st/stm32cubeide_1.5.1/stm32cubeide/plugins/com.st.stm32cube.ide.mcu.externaltools.gnu-tools-for-stm32.9-2020-q2-update.win32_2.0.0.202105311346/tools/bin/../lib/gcc/arm-none-eabi/9.3.1/thumb/v7e-m+fp/hard/crtbegin.o

.rodata         0x000000000800a278    0x31fa0
                0x000000000800a278                . = ALIGN (0x4)
 *(.rodata)
 *(.rodata*)
 .rodata.main.str1.4
                0x000000000800a278       0xdd ./Core/Src/main.o
 *fill*         0x000000000800a355        0x3 
 .rodata.leftArrowImg
                0x000000000800a358     0x1a48 ./Core/Src/main.o
 .rodata.minusImg
                0x000000000800bda0      0xf20 ./Core/Src/main.o
 .rodata.pauseImg
                0x000000000800ccc0     0x1a48 ./Core/Src/main.o
 .rodata.playImg
                0x000000000800e708     0x1a48 ./Core/Src/main.o
 .rodata.plusImg
                0x0000000008010150      0xf20 ./Core/Src/main.o
 .rodata.pressedbackImg
                0x0000000008011070      0x3c0 ./Core/Src/main.o
 .rodata.pressedleftArrowImg
                0x0000000008011430     0x1a48 ./Core/Src/main.o
 .rodata.pressedminusImg
                0x0000000008012e78      0xf20 ./Core/Src/main.o
 .rodata.pressedpauseImg
                0x0000000008013d98     0x1a48 ./Core/Src/main.o
 .rodata.pressedphonesImg
                0x00000000080157e0     0x2188 ./Core/Src/main.o
 .rodata.pressedphotoImg
                0x0000000008017968     0x1b32 ./Core/Src/main.o
 *fill*         0x000000000801949a        0x2 
 .rodata.pressedplayImg
                0x000000000801949c     0x1a48 ./Core/Src/main.o
 .rodata.pressedplusImg
                0x000000000801aee4      0xf20 ./Core/Src/main.o
 .rodata.pressedrightArrowImg
                0x000000000801be04     0x1a48 ./Core/Src/main.o
 .rodata.rightArrowImg
                0x000000000801d84c     0x1a48 ./Core/Src/main.o
 .rodata.toolbarImg
                0x000000000801f294     0x3200 ./Core/Src/main.o
 .rodata.ScanWavefiles.str1.4
                0x0000000008022494       0x6f ./Drivers/AudioBoard/Play_WAV.o
 *fill*         0x0000000008022503        0x1 
 .rodata.Get_WAV_Message.str1.4
                0x0000000008022504      0x125 ./Drivers/AudioBoard/Play_WAV.o
 *fill*         0x0000000008022629        0x3 
 .rodata.Fill_WAV_Buffer.str1.4
                0x000000000802262c       0x22 ./Drivers/AudioBoard/Play_WAV.o
 *fill*         0x000000000802264e        0x2 
 .rodata.PlayWaveFile.str1.4
                0x0000000008022650        0xf ./Drivers/AudioBoard/Play_WAV.o
 *fill*         0x000000000802265f        0x1 
 .rodata.WM89060_Init.str1.4
                0x0000000008022660       0x30 ./Drivers/AudioBoard/WM8960.o
                                         0x41 (size before relaxing)
 .rodata.Storage_GetDirectoryBitmapFiles.str1.4
                0x0000000008022690        0x9 ./Drivers/BMPImages/fatfs_storage.o
 .rodata.AHBPrescTable
                0x0000000008022690       0x10 ./Drivers/CMSIS/Device/ST/STM32F3xx/Source/Templates/system_stm32f3xx.o
                0x0000000008022690                AHBPrescTable
 .rodata.APBPrescTable
                0x00000000080226a0        0x8 ./Drivers/CMSIS/Device/ST/STM32F3xx/Source/Templates/system_stm32f3xx.o
                0x00000000080226a0                APBPrescTable
 .rodata.c_chFont1206
                0x00000000080226a8      0x474 ./Drivers/Fonts/Fonts.o
                0x00000000080226a8                c_chFont1206
 .rodata.c_chFont1608
                0x0000000008022b1c      0x5f0 ./Drivers/Fonts/Fonts.o
                0x0000000008022b1c                c_chFont1608
 .rodata.backImg
                0x000000000802310c      0x3c0 ./Drivers/LCD/lcd_driver.o
 .rodata.leftArrowImg
                0x00000000080234cc     0x1a48 ./Drivers/LCD/lcd_driver.o
 .rodata.mainImg
                0x0000000008024f14     0x9600 ./Drivers/LCD/lcd_driver.o
 .rodata.minusImg
                0x000000000802e514      0xf20 ./Drivers/LCD/lcd_driver.o
 .rodata.pauseImg
                0x000000000802f434     0x1a48 ./Drivers/LCD/lcd_driver.o
 .rodata.phonesImg
                0x0000000008030e7c     0x2114 ./Drivers/LCD/lcd_driver.o
 .rodata.photoImg
                0x0000000008032f90     0x1abc ./Drivers/LCD/lcd_driver.o
 .rodata.playImg
                0x0000000008034a4c     0x1a48 ./Drivers/LCD/lcd_driver.o
 .rodata.plusImg
                0x0000000008036494      0xf20 ./Drivers/LCD/lcd_driver.o
 .rodata.rightArrowImg
                0x00000000080373b4     0x1a48 ./Drivers/LCD/lcd_driver.o
 .rodata.toolbarImg
                0x0000000008038dfc     0x3200 ./Drivers/LCD/lcd_driver.o
 .rodata.aPLLMULFactorTable
                0x000000000803bffc       0x10 ./Drivers/STM32F3xx_HAL_Driver/Src/stm32f3xx_hal_rcc.o
                0x000000000803bffc                aPLLMULFactorTable
 .rodata.aPredivFactorTable
                0x000000000803c00c       0x10 ./Drivers/STM32F3xx_HAL_Driver/Src/stm32f3xx_hal_rcc.o
                0x000000000803c00c                aPredivFactorTable
 .rodata.CSWTCH.53
                0x000000000803c01c        0x3 ./Drivers/STM32F3xx_HAL_Driver/Src/stm32f3xx_hal_uart.o
 *fill*         0x000000000803c01f        0x1 
 .rodata.tp_show_info.str1.4
                0x000000000803c020       0x28 ./Drivers/Touch/Touch.o
 .rodata.tp_adjust.str1.4
                0x000000000803c048       0xa8 ./Drivers/Touch/Touch.o
 .rodata.follow_path.str1.4
                0x000000000803c0f0        0xf ./Middlewares/Third_Party/FatFs/src/ff.o
 *fill*         0x000000000803c0ff        0x1 
 .rodata.ExCvt  0x000000000803c100       0x80 ./Middlewares/Third_Party/FatFs/src/ff.o
 .rodata._global_impure_ptr
                0x000000000803c180        0x4 c:/st/stm32cubeide_1.5.1/stm32cubeide/plugins/com.st.stm32cube.ide.mcu.externaltools.gnu-tools-for-stm32.9-2020-q2-update.win32_2.0.0.202105311346/tools/bin/../lib/gcc/arm-none-eabi/9.3.1/../../../../arm-none-eabi/lib/thumb/v7e-m+fp/hard\libc_nano.a(lib_a-impure.o)
                0x000000000803c180                _global_impure_ptr
 .rodata.__sf_fake_stderr
                0x000000000803c184       0x20 c:/st/stm32cubeide_1.5.1/stm32cubeide/plugins/com.st.stm32cube.ide.mcu.externaltools.gnu-tools-for-stm32.9-2020-q2-update.win32_2.0.0.202105311346/tools/bin/../lib/gcc/arm-none-eabi/9.3.1/../../../../arm-none-eabi/lib/thumb/v7e-m+fp/hard\libc_nano.a(lib_a-findfp.o)
                0x000000000803c184                __sf_fake_stderr
 .rodata.__sf_fake_stdin
                0x000000000803c1a4       0x20 c:/st/stm32cubeide_1.5.1/stm32cubeide/plugins/com.st.stm32cube.ide.mcu.externaltools.gnu-tools-for-stm32.9-2020-q2-update.win32_2.0.0.202105311346/tools/bin/../lib/gcc/arm-none-eabi/9.3.1/../../../../arm-none-eabi/lib/thumb/v7e-m+fp/hard\libc_nano.a(lib_a-findfp.o)
                0x000000000803c1a4                __sf_fake_stdin
 .rodata.__sf_fake_stdout
                0x000000000803c1c4       0x20 c:/st/stm32cubeide_1.5.1/stm32cubeide/plugins/com.st.stm32cube.ide.mcu.externaltools.gnu-tools-for-stm32.9-2020-q2-update.win32_2.0.0.202105311346/tools/bin/../lib/gcc/arm-none-eabi/9.3.1/../../../../arm-none-eabi/lib/thumb/v7e-m+fp/hard\libc_nano.a(lib_a-findfp.o)
                0x000000000803c1c4                __sf_fake_stdout
 .rodata._svfprintf_r.str1.1
                0x000000000803c1e4       0x11 c:/st/stm32cubeide_1.5.1/stm32cubeide/plugins/com.st.stm32cube.ide.mcu.externaltools.gnu-tools-for-stm32.9-2020-q2-update.win32_2.0.0.202105311346/tools/bin/../lib/gcc/arm-none-eabi/9.3.1/../../../../arm-none-eabi/lib/thumb/v7e-m+fp/hard\libc_nano.a(lib_a-nano-svfprintf.o)
 .rodata._vfprintf_r.str1.1
                0x000000000803c1f5       0x11 c:/st/stm32cubeide_1.5.1/stm32cubeide/plugins/com.st.stm32cube.ide.mcu.externaltools.gnu-tools-for-stm32.9-2020-q2-update.win32_2.0.0.202105311346/tools/bin/../lib/gcc/arm-none-eabi/9.3.1/../../../../arm-none-eabi/lib/thumb/v7e-m+fp/hard\libc_nano.a(lib_a-nano-vfprintf.o)
 .rodata._printf_i.str1.1
                0x000000000803c1f5       0x22 c:/st/stm32cubeide_1.5.1/stm32cubeide/plugins/com.st.stm32cube.ide.mcu.externaltools.gnu-tools-for-stm32.9-2020-q2-update.win32_2.0.0.202105311346/tools/bin/../lib/gcc/arm-none-eabi/9.3.1/../../../../arm-none-eabi/lib/thumb/v7e-m+fp/hard\libc_nano.a(lib_a-nano-vfprintf_i.o)
                0x000000000803c218                . = ALIGN (0x4)
 *fill*         0x000000000803c217        0x1 

.rel.dyn        0x000000000803c218        0x0
 .rel.iplt      0x000000000803c218        0x0 c:/st/stm32cubeide_1.5.1/stm32cubeide/plugins/com.st.stm32cube.ide.mcu.externaltools.gnu-tools-for-stm32.9-2020-q2-update.win32_2.0.0.202105311346/tools/bin/../lib/gcc/arm-none-eabi/9.3.1/thumb/v7e-m+fp/hard/crtbegin.o

.ARM.extab      0x000000000803c218        0x0
                0x000000000803c218                . = ALIGN (0x4)
 *(.ARM.extab* .gnu.linkonce.armextab.*)
                0x000000000803c218                . = ALIGN (0x4)

.ARM            0x000000000803c218        0x0
                0x000000000803c218                . = ALIGN (0x4)
                0x000000000803c218                __exidx_start = .
 *(.ARM.exidx*)
                0x000000000803c218                __exidx_end = .
                0x000000000803c218                . = ALIGN (0x4)

.preinit_array  0x000000000803c218        0x0
                0x000000000803c218                . = ALIGN (0x4)
                0x000000000803c218                PROVIDE (__preinit_array_start = .)
 *(.preinit_array*)
                0x000000000803c218                PROVIDE (__preinit_array_end = .)
                0x000000000803c218                . = ALIGN (0x4)

.init_array     0x000000000803c218        0x4
                0x000000000803c218                . = ALIGN (0x4)
                0x000000000803c218                PROVIDE (__init_array_start = .)
 *(SORT_BY_NAME(.init_array.*))
 *(.init_array*)
 .init_array    0x000000000803c218        0x4 c:/st/stm32cubeide_1.5.1/stm32cubeide/plugins/com.st.stm32cube.ide.mcu.externaltools.gnu-tools-for-stm32.9-2020-q2-update.win32_2.0.0.202105311346/tools/bin/../lib/gcc/arm-none-eabi/9.3.1/thumb/v7e-m+fp/hard/crtbegin.o
                0x000000000803c21c                PROVIDE (__init_array_end = .)
                0x000000000803c21c                . = ALIGN (0x4)

.fini_array     0x000000000803c21c        0x4
                0x000000000803c21c                . = ALIGN (0x4)
                [!provide]                        PROVIDE (__fini_array_start = .)
 *(SORT_BY_NAME(.fini_array.*))
 *(.fini_array*)
 .fini_array    0x000000000803c21c        0x4 c:/st/stm32cubeide_1.5.1/stm32cubeide/plugins/com.st.stm32cube.ide.mcu.externaltools.gnu-tools-for-stm32.9-2020-q2-update.win32_2.0.0.202105311346/tools/bin/../lib/gcc/arm-none-eabi/9.3.1/thumb/v7e-m+fp/hard/crtbegin.o
                [!provide]                        PROVIDE (__fini_array_end = .)
                0x000000000803c220                . = ALIGN (0x4)
                0x000000000803c220                _sidata = LOADADDR (.data)

.data           0x0000000020000000      0x100 load address 0x000000000803c220
                0x0000000020000000                . = ALIGN (0x4)
                0x0000000020000000                _sdata = .
 *(.data)
 *(.data*)
 .data.volumeLevel
                0x0000000020000000        0x1 ./Core/Src/main.o
                0x0000000020000000                volumeLevel
 *fill*         0x0000000020000001        0x3 
 .data.WM8960_REG_VAL
                0x0000000020000004       0x70 ./Drivers/AudioBoard/WM8960.o
 .data.SystemCoreClock
                0x0000000020000074        0x4 ./Drivers/CMSIS/Device/ST/STM32F3xx/Source/Templates/system_stm32f3xx.o
                0x0000000020000074                SystemCoreClock
 .data.uwTickFreq
                0x0000000020000078        0x1 ./Drivers/STM32F3xx_HAL_Driver/Src/stm32f3xx_hal.o
                0x0000000020000078                uwTickFreq
 *fill*         0x0000000020000079        0x3 
 .data.uwTickPrio
                0x000000002000007c        0x4 ./Drivers/STM32F3xx_HAL_Driver/Src/stm32f3xx_hal.o
                0x000000002000007c                uwTickPrio
 .data.Stat     0x0000000020000080        0x1 ./Drivers/diskio_spi/user_diskio_spi.o
 *fill*         0x0000000020000081        0x3 
 .data.USER_Driver
                0x0000000020000084       0x14 ./FATFS/Target/user_diskio.o
                0x0000000020000084                USER_Driver
 .data._impure_ptr
                0x0000000020000098        0x4 c:/st/stm32cubeide_1.5.1/stm32cubeide/plugins/com.st.stm32cube.ide.mcu.externaltools.gnu-tools-for-stm32.9-2020-q2-update.win32_2.0.0.202105311346/tools/bin/../lib/gcc/arm-none-eabi/9.3.1/../../../../arm-none-eabi/lib/thumb/v7e-m+fp/hard\libc_nano.a(lib_a-impure.o)
                0x0000000020000098                _impure_ptr
 .data.impure_data
                0x000000002000009c       0x60 c:/st/stm32cubeide_1.5.1/stm32cubeide/plugins/com.st.stm32cube.ide.mcu.externaltools.gnu-tools-for-stm32.9-2020-q2-update.win32_2.0.0.202105311346/tools/bin/../lib/gcc/arm-none-eabi/9.3.1/../../../../arm-none-eabi/lib/thumb/v7e-m+fp/hard\libc_nano.a(lib_a-impure.o)
 .data.__fdlib_version
                0x00000000200000fc        0x1 c:/st/stm32cubeide_1.5.1/stm32cubeide/plugins/com.st.stm32cube.ide.mcu.externaltools.gnu-tools-for-stm32.9-2020-q2-update.win32_2.0.0.202105311346/tools/bin/../lib/gcc/arm-none-eabi/9.3.1/../../../../arm-none-eabi/lib/thumb/v7e-m+fp/hard\libm.a(lib_a-s_lib_ver.o)
                0x00000000200000fc                __fdlib_version
 *(.RamFunc)
 *(.RamFunc*)
                0x0000000020000100                . = ALIGN (0x4)
 *fill*         0x00000000200000fd        0x3 
                0x0000000020000100                _edata = .
                0x000000000803c320                _siccmram = LOADADDR (.ccmram)

.igot.plt       0x0000000020000100        0x0 load address 0x000000000803c320
 .igot.plt      0x0000000020000100        0x0 c:/st/stm32cubeide_1.5.1/stm32cubeide/plugins/com.st.stm32cube.ide.mcu.externaltools.gnu-tools-for-stm32.9-2020-q2-update.win32_2.0.0.202105311346/tools/bin/../lib/gcc/arm-none-eabi/9.3.1/thumb/v7e-m+fp/hard/crtbegin.o

.ccmram         0x0000000010000000        0x0 load address 0x000000000803c320
                0x0000000010000000                . = ALIGN (0x4)
                0x0000000010000000                _sccmram = .
 *(.ccmram)
 *(.ccmram*)
                0x0000000010000000                . = ALIGN (0x4)
                0x0000000010000000                _eccmram = .
                0x0000000010000000                . = ALIGN (0x4)

.bss            0x0000000020000100     0xc7f4
                0x0000000020000100                _sbss = .
                0x0000000020000100                __bss_start__ = _sbss
 *(.bss)
 .bss           0x0000000020000100       0x1c c:/st/stm32cubeide_1.5.1/stm32cubeide/plugins/com.st.stm32cube.ide.mcu.externaltools.gnu-tools-for-stm32.9-2020-q2-update.win32_2.0.0.202105311346/tools/bin/../lib/gcc/arm-none-eabi/9.3.1/thumb/v7e-m+fp/hard/crtbegin.o
 *(.bss*)
 .bss.bmpcounter
                0x000000002000011c        0x4 ./Core/Src/main.o
                0x000000002000011c                bmpcounter
 .bss.displayImgFlag
                0x0000000020000120        0x1 ./Core/Src/main.o
                0x0000000020000120                displayImgFlag
 *fill*         0x0000000020000121        0x3 
 .bss.filesnumbers
                0x0000000020000124        0x4 ./Core/Src/main.o
                0x0000000020000124                filesnumbers
 .bss.pageNumber
                0x0000000020000128        0x1 ./Core/Src/main.o
                0x0000000020000128                pageNumber
 .bss.playFlag  0x0000000020000129        0x1 ./Core/Src/main.o
                0x0000000020000129                playFlag
 *fill*         0x000000002000012a        0x2 
 .bss.tick      0x000000002000012c        0x4 ./Core/Src/main.o
                0x000000002000012c                tick
 .bss.__sbrk_heap_end
                0x0000000020000130        0x4 ./Core/Src/sysmem.o
 .bss.Music_Num
                0x0000000020000134        0x1 ./Drivers/AudioBoard/Play_WAV.o
                0x0000000020000134                Music_Num
 *fill*         0x0000000020000135        0x3 
 .bss.Play_List
                0x0000000020000138      0x1f4 ./Drivers/AudioBoard/Play_WAV.o
                0x0000000020000138                Play_List
 .bss._rotation
                0x000000002000032c        0x1 ./Drivers/LCD/lcd_driver.o
                0x000000002000032c                _rotation
 .bss.CardType  0x000000002000032d        0x1 ./Drivers/diskio_spi/user_diskio_spi.o
 *fill*         0x000000002000032e        0x2 
 .bss.FatFs     0x0000000020000330        0x4 ./Middlewares/Third_Party/FatFs/src/ff.o
 .bss.Files     0x0000000020000334       0x18 ./Middlewares/Third_Party/FatFs/src/ff.o
 .bss.Fsid      0x000000002000034c        0x2 ./Middlewares/Third_Party/FatFs/src/ff.o
 *fill*         0x000000002000034e        0x2 
 .bss.disk      0x0000000020000350        0xc ./Middlewares/Third_Party/FatFs/src/ff_gen_drv.o
                0x0000000020000350                disk
 .bss.__malloc_free_list
                0x000000002000035c        0x4 c:/st/stm32cubeide_1.5.1/stm32cubeide/plugins/com.st.stm32cube.ide.mcu.externaltools.gnu-tools-for-stm32.9-2020-q2-update.win32_2.0.0.202105311346/tools/bin/../lib/gcc/arm-none-eabi/9.3.1/../../../../arm-none-eabi/lib/thumb/v7e-m+fp/hard\libc_nano.a(lib_a-nano-mallocr.o)
                0x000000002000035c                __malloc_free_list
 .bss.__malloc_sbrk_start
                0x0000000020000360        0x4 c:/st/stm32cubeide_1.5.1/stm32cubeide/plugins/com.st.stm32cube.ide.mcu.externaltools.gnu-tools-for-stm32.9-2020-q2-update.win32_2.0.0.202105311346/tools/bin/../lib/gcc/arm-none-eabi/9.3.1/../../../../arm-none-eabi/lib/thumb/v7e-m+fp/hard\libc_nano.a(lib_a-nano-mallocr.o)
                0x0000000020000360                __malloc_sbrk_start
 *(COMMON)
 COMMON         0x0000000020000364       0x4c ./Core/Src/i2c.o
                0x0000000020000364                hi2c1
 COMMON         0x00000000200003b0       0x8c ./Core/Src/i2s.o
                0x00000000200003b0                hdma_spi2_tx
                0x00000000200003f4                hi2s2
 COMMON         0x000000002000043c      0x4d1 ./Core/Src/main.o
                0x000000002000043c                pos
                0x0000000020000440                directory
                0x0000000020000660                pDirectoryFiles
                0x00000000200006c4                microSDFatFs
                0x00000000200008f4                ser
                0x00000000200008f8                str
                0x000000002000090c                res
 *fill*         0x000000002000090d        0x3 
 COMMON         0x0000000020000910       0x64 ./Core/Src/spi.o
                0x0000000020000910                hspi1
 COMMON         0x0000000020000974       0x84 ./Core/Src/usart.o
                0x0000000020000974                huart2
 COMMON         0x00000000200009f8     0xb233 ./Drivers/AudioBoard/Play_WAV.o
                0x00000000200009f8                CloseFileFlag
                0x00000000200009f9                EndFileFlag
                0x00000000200009fc                TempBuf
                0x0000000020004494                Audio_LastBytes
                0x0000000020004498                WAV_File
                0x00000000200046c4                WaveCtrlData
                0x00000000200046e8                WAV_LastData
                0x00000000200046ec                Play_Flag
                0x00000000200046f0                WAV_OFFSET
                0x00000000200046f4                End_Flag
                0x00000000200046f5                Pause_Flag
                0x00000000200046f6                Music_Num_MAX
                0x00000000200046f8                WAV_Buffer
                0x000000002000bc28                I2S_Flag
                0x000000002000bc29                FillBufFlag
                0x000000002000bc2a                PausePlayFlag
 *fill*         0x000000002000bc2b        0x1 
 COMMON         0x000000002000bc2c      0x82c ./Drivers/BMPImages/fatfs_storage.o
                0x000000002000bc2c                MyDirectory
                0x000000002000be4c                BytesRead
                0x000000002000be50                BytesWritten
                0x000000002000be54                MyFile
                0x000000002000c080                MyFileInfo
                0x000000002000c098                aBuffer
 COMMON         0x000000002000c458        0x1 ./Drivers/LCD/lcd_driver.o
                0x000000002000c458                lcd_id
 *fill*         0x000000002000c459        0x3 
 COMMON         0x000000002000c45c        0x4 ./Drivers/STM32F3xx_HAL_Driver/Src/stm32f3xx_hal.o
                0x000000002000c45c                uwTick
 COMMON         0x000000002000c460       0x18 ./Drivers/Touch/Touch.o
                0x000000002000c460                s_tTouch
 COMMON         0x000000002000c478        0x8 ./Drivers/diskio_spi/user_diskio_spi.o
                0x000000002000c478                spiTimerTickStart
                0x000000002000c47c                spiTimerTickDelay
 COMMON         0x000000002000c480      0x464 ./FATFS/App/fatfs.o
                0x000000002000c480                USERPath
                0x000000002000c484                retUSER
                0x000000002000c488                USERFile
                0x000000002000c6b4                USERFatFS
 COMMON         0x000000002000c8e4        0x9 c:/st/stm32cubeide_1.5.1/stm32cubeide/plugins/com.st.stm32cube.ide.mcu.externaltools.gnu-tools-for-stm32.9-2020-q2-update.win32_2.0.0.202105311346/tools/bin/../lib/gcc/arm-none-eabi/9.3.1/../../../../arm-none-eabi/lib/thumb/v7e-m+fp/hard\libc_nano.a(lib_a-lock.o)
                0x000000002000c8e4                __lock___atexit_recursive_mutex
                0x000000002000c8e5                __lock___arc4random_mutex
                0x000000002000c8e6                __lock___env_recursive_mutex
                0x000000002000c8e7                __lock___sinit_recursive_mutex
                0x000000002000c8e8                __lock___malloc_recursive_mutex
                0x000000002000c8e9                __lock___at_quick_exit_mutex
                0x000000002000c8ea                __lock___dd_hash_mutex
                0x000000002000c8eb                __lock___tz_mutex
                0x000000002000c8ec                __lock___sfp_recursive_mutex
 *fill*         0x000000002000c8ed        0x3 
 COMMON         0x000000002000c8f0        0x4 c:/st/stm32cubeide_1.5.1/stm32cubeide/plugins/com.st.stm32cube.ide.mcu.externaltools.gnu-tools-for-stm32.9-2020-q2-update.win32_2.0.0.202105311346/tools/bin/../lib/gcc/arm-none-eabi/9.3.1/../../../../arm-none-eabi/lib/thumb/v7e-m+fp/hard\libc_nano.a(lib_a-reent.o)
                0x000000002000c8f0                errno
                0x000000002000c8f4                . = ALIGN (0x4)
                0x000000002000c8f4                _ebss = .
                0x000000002000c8f4                __bss_end__ = _ebss

._user_heap_stack
                0x000000002000c8f4      0x604
                0x000000002000c8f8                . = ALIGN (0x8)
 *fill*         0x000000002000c8f4        0x4 
                [!provide]                        PROVIDE (end = .)
                0x000000002000c8f8                PROVIDE (_end = .)
                0x000000002000caf8                . = (. + _Min_Heap_Size)
 *fill*         0x000000002000c8f8      0x200 
                0x000000002000cef8                . = (. + _Min_Stack_Size)
 *fill*         0x000000002000caf8      0x400 
                0x000000002000cef8                . = ALIGN (0x8)

/DISCARD/
 libc.a(*)
 libm.a(*)
 libgcc.a(*)

.ARM.attributes
                0x0000000000000000       0x30
 *(.ARM.attributes)
 .ARM.attributes