lcd_driver.c:42:6:lcd_write_byte	16	static
lcd_driver.c:528:6:setRotation.part.0	8	static
lcd_driver.c:54:6:lcd_write_word	24	static
lcd_driver.c:74:6:lcd_set_cursor	24	static
lcd_driver.c:107:6:lcd_clear_screen	32	static
lcd_driver.c:137:6:lcd_write_ram_prepare	0	static
lcd_driver.c:146:6:lcd_write_ram	0	static
lcd_driver.c:151:6:lcd_set_window	32	static
lcd_driver.c:242:6:lcd_draw_point	8	static
lcd_driver.c:256:6:lcd_display_char	48	static
lcd_driver.c:297:6:lcd_display_num	64	static
lcd_driver.c:322:6:lcd_display_string	48	static
lcd_driver.c:344:6:lcd_draw_line	56	static
lcd_driver.c:371:6:lcd_draw_circle	48	static
lcd_driver.c:393:6:lcd_fill_rect	32	static
lcd_driver.c:409:6:lcd_draw_v_line	24	static
lcd_driver.c:422:6:lcd_draw_h_line	24	static
lcd_driver.c:434:6:lcd_draw_rect	48	static
lcd_driver.c:447:6:lcd_put_pixel	0	static
lcd_driver.c:452:6:lcd_copy	16	static
lcd_driver.c:463:6:lcd_draw_image	48	static
lcd_driver.c:528:6:setRotation	0	static
lcd_driver.c:736:9:lcd_read_id	32	static
lcd_driver.c:611:6:lcd_init	8	static
