stm32f3xx_hal_i2s.c:2079:26:I2S_WaitFlagStateUntilTimeout	32	static
stm32f3xx_hal_i2s.c:565:13:HAL_I2S_MspInit	0	static
stm32f3xx_hal_i2s.c:266:19:HAL_I2S_Init	112	static
stm32f3xx_hal_i2s.c:581:13:HAL_I2S_MspDeInit	0	static
stm32f3xx_hal_i2s.c:521:19:HAL_I2S_DeInit	8	static
stm32f3xx_hal_i2s.c:868:19:HAL_I2S_Transmit	40	static
stm32f3xx_hal_i2s.c:987:19:HAL_I2S_Receive	32	static
stm32f3xx_hal_i2s.c:1085:19:HAL_I2S_Transmit_IT	8	static
stm32f3xx_hal_i2s.c:1151:19:HAL_I2S_Receive_IT	8	static
stm32f3xx_hal_i2s.c:1215:19:HAL_I2S_Transmit_DMA	16	static
stm32f3xx_hal_i2s.c:1306:19:HAL_I2S_Receive_DMA	24	static
stm32f3xx_hal_i2s.c:1395:19:HAL_I2S_DMAPause	4	static
stm32f3xx_hal_i2s.c:1435:19:HAL_I2S_DMAResume	4	static
stm32f3xx_hal_i2s.c:1489:19:HAL_I2S_DMAStop	48	static
stm32f3xx_hal_i2s.c:1687:6:HAL_I2S_IRQHandler	0	static
stm32f3xx_hal_i2s.c:1699:13:HAL_I2S_TxHalfCpltCallback	0	static
stm32f3xx_hal_i2s.c:1857:13:I2S_DMATxHalfCplt	8	static
stm32f3xx_hal_i2s.c:1715:13:HAL_I2S_TxCpltCallback	0	static
stm32f3xx_hal_i2s.c:1830:13:I2S_DMATxCplt	8	static
stm32f3xx_hal_i2s.c:1731:13:HAL_I2S_RxHalfCpltCallback	0	static
stm32f3xx_hal_i2s.c:1901:13:I2S_DMARxHalfCplt	8	static
stm32f3xx_hal_i2s.c:1747:13:HAL_I2S_RxCpltCallback	0	static
stm32f3xx_hal_i2s.c:1875:13:I2S_DMARxCplt	8	static
stm32f3xx_hal_i2s.c:1763:13:HAL_I2S_ErrorCallback	0	static
stm32f3xx_hal_i2s.c:2002:13:I2S_IRQHandler	24	static
stm32f3xx_hal_i2s.c:1919:13:I2S_DMAError	8	static
stm32f3xx_hal_i2s.c:1798:22:HAL_I2S_GetState	0	static
stm32f3xx_hal_i2s.c:1809:10:HAL_I2S_GetError	0	static
